Archive member included to satisfy reference by file (symbol)

C:/ST/STM32CubeIDE_1.17.0/STM32CubeIDE/plugins/com.st.stm32cube.ide.mcu.externaltools.gnu-tools-for-stm32.12.3.rel1.win32_1.1.0.202410251130/tools/bin/../lib/gcc/arm-none-eabi/12.3.1/../../../../arm-none-eabi/lib/thumb/v7e-m+dp/hard\libc_nano.a(libc_a-exit.o)
                              C:/ST/STM32CubeIDE_1.17.0/STM32CubeIDE/plugins/com.st.stm32cube.ide.mcu.externaltools.gnu-tools-for-stm32.12.3.rel1.win32_1.1.0.202410251130/tools/bin/../lib/gcc/arm-none-eabi/12.3.1/../../../../arm-none-eabi/lib/thumb/v7e-m+dp/hard/crt0.o (exit)
C:/ST/STM32CubeIDE_1.17.0/STM32CubeIDE/plugins/com.st.stm32cube.ide.mcu.externaltools.gnu-tools-for-stm32.12.3.rel1.win32_1.1.0.202410251130/tools/bin/../lib/gcc/arm-none-eabi/12.3.1/../../../../arm-none-eabi/lib/thumb/v7e-m+dp/hard\libc_nano.a(libc_a-findfp.o)
                              C:/ST/STM32CubeIDE_1.17.0/STM32CubeIDE/plugins/com.st.stm32cube.ide.mcu.externaltools.gnu-tools-for-stm32.12.3.rel1.win32_1.1.0.202410251130/tools/bin/../lib/gcc/arm-none-eabi/12.3.1/../../../../arm-none-eabi/lib/thumb/v7e-m+dp/hard\libc_nano.a(libc_a-exit.o) (__stdio_exit_handler)
C:/ST/STM32CubeIDE_1.17.0/STM32CubeIDE/plugins/com.st.stm32cube.ide.mcu.externaltools.gnu-tools-for-stm32.12.3.rel1.win32_1.1.0.202410251130/tools/bin/../lib/gcc/arm-none-eabi/12.3.1/../../../../arm-none-eabi/lib/thumb/v7e-m+dp/hard\libc_nano.a(libc_a-fwalk.o)
                              C:/ST/STM32CubeIDE_1.17.0/STM32CubeIDE/plugins/com.st.stm32cube.ide.mcu.externaltools.gnu-tools-for-stm32.12.3.rel1.win32_1.1.0.202410251130/tools/bin/../lib/gcc/arm-none-eabi/12.3.1/../../../../arm-none-eabi/lib/thumb/v7e-m+dp/hard\libc_nano.a(libc_a-findfp.o) (_fwalk_sglue)
C:/ST/STM32CubeIDE_1.17.0/STM32CubeIDE/plugins/com.st.stm32cube.ide.mcu.externaltools.gnu-tools-for-stm32.12.3.rel1.win32_1.1.0.202410251130/tools/bin/../lib/gcc/arm-none-eabi/12.3.1/../../../../arm-none-eabi/lib/thumb/v7e-m+dp/hard\libc_nano.a(libc_a-stdio.o)
                              C:/ST/STM32CubeIDE_1.17.0/STM32CubeIDE/plugins/com.st.stm32cube.ide.mcu.externaltools.gnu-tools-for-stm32.12.3.rel1.win32_1.1.0.202410251130/tools/bin/../lib/gcc/arm-none-eabi/12.3.1/../../../../arm-none-eabi/lib/thumb/v7e-m+dp/hard\libc_nano.a(libc_a-findfp.o) (__sread)
C:/ST/STM32CubeIDE_1.17.0/STM32CubeIDE/plugins/com.st.stm32cube.ide.mcu.externaltools.gnu-tools-for-stm32.12.3.rel1.win32_1.1.0.202410251130/tools/bin/../lib/gcc/arm-none-eabi/12.3.1/../../../../arm-none-eabi/lib/thumb/v7e-m+dp/hard\libc_nano.a(libc_a-memset.o)
                              C:/ST/STM32CubeIDE_1.17.0/STM32CubeIDE/plugins/com.st.stm32cube.ide.mcu.externaltools.gnu-tools-for-stm32.12.3.rel1.win32_1.1.0.202410251130/tools/bin/../lib/gcc/arm-none-eabi/12.3.1/../../../../arm-none-eabi/lib/thumb/v7e-m+dp/hard/crt0.o (memset)
C:/ST/STM32CubeIDE_1.17.0/STM32CubeIDE/plugins/com.st.stm32cube.ide.mcu.externaltools.gnu-tools-for-stm32.12.3.rel1.win32_1.1.0.202410251130/tools/bin/../lib/gcc/arm-none-eabi/12.3.1/../../../../arm-none-eabi/lib/thumb/v7e-m+dp/hard\libc_nano.a(libc_a-closer.o)
                              C:/ST/STM32CubeIDE_1.17.0/STM32CubeIDE/plugins/com.st.stm32cube.ide.mcu.externaltools.gnu-tools-for-stm32.12.3.rel1.win32_1.1.0.202410251130/tools/bin/../lib/gcc/arm-none-eabi/12.3.1/../../../../arm-none-eabi/lib/thumb/v7e-m+dp/hard\libc_nano.a(libc_a-stdio.o) (_close_r)
C:/ST/STM32CubeIDE_1.17.0/STM32CubeIDE/plugins/com.st.stm32cube.ide.mcu.externaltools.gnu-tools-for-stm32.12.3.rel1.win32_1.1.0.202410251130/tools/bin/../lib/gcc/arm-none-eabi/12.3.1/../../../../arm-none-eabi/lib/thumb/v7e-m+dp/hard\libc_nano.a(libc_a-reent.o)
                              C:/ST/STM32CubeIDE_1.17.0/STM32CubeIDE/plugins/com.st.stm32cube.ide.mcu.externaltools.gnu-tools-for-stm32.12.3.rel1.win32_1.1.0.202410251130/tools/bin/../lib/gcc/arm-none-eabi/12.3.1/../../../../arm-none-eabi/lib/thumb/v7e-m+dp/hard\libc_nano.a(libc_a-closer.o) (errno)
C:/ST/STM32CubeIDE_1.17.0/STM32CubeIDE/plugins/com.st.stm32cube.ide.mcu.externaltools.gnu-tools-for-stm32.12.3.rel1.win32_1.1.0.202410251130/tools/bin/../lib/gcc/arm-none-eabi/12.3.1/../../../../arm-none-eabi/lib/thumb/v7e-m+dp/hard\libc_nano.a(libc_a-impure.o)
                              C:/ST/STM32CubeIDE_1.17.0/STM32CubeIDE/plugins/com.st.stm32cube.ide.mcu.externaltools.gnu-tools-for-stm32.12.3.rel1.win32_1.1.0.202410251130/tools/bin/../lib/gcc/arm-none-eabi/12.3.1/../../../../arm-none-eabi/lib/thumb/v7e-m+dp/hard\libc_nano.a(libc_a-reent.o) (_impure_ptr)
C:/ST/STM32CubeIDE_1.17.0/STM32CubeIDE/plugins/com.st.stm32cube.ide.mcu.externaltools.gnu-tools-for-stm32.12.3.rel1.win32_1.1.0.202410251130/tools/bin/../lib/gcc/arm-none-eabi/12.3.1/../../../../arm-none-eabi/lib/thumb/v7e-m+dp/hard\libc_nano.a(libc_a-lseekr.o)
[...]
Memory Configuration

Name             Origin             Length             Attributes
FLASH            0x08000000         0x00200000         xr
DTCMRAM          0x20000000         0x00020000         xrw
RAM_D1           0x24000000         0x00080000         xrw
RAM_D2           0x30000000         0x00048000         xrw
RAM_D3           0x38000000         0x00010000         xrw
ITCMRAM          0x00000000         0x00010000         xrw
*default*        0x00000000         0xffffffff

Linker script and memory map

LOAD C:/ST/STM32CubeIDE_1.17.0/STM32CubeIDE/plugins/com.st.stm32cube.ide.mcu.externaltools.gnu-tools-for-stm32.12.3.rel1.win32_1.1.0.202410251130/tools/bin/../lib/gcc/arm-none-eabi/12.3.1/thumb/v7e-m+dp/hard/crti.o
LOAD C:/ST/STM32CubeIDE_1.17.0/STM32CubeIDE/plugins/com.st.stm32cube.ide.mcu.externaltools.gnu-tools-for-stm32.12.3.rel1.win32_1.1.0.202410251130/tools/bin/../lib/gcc/arm-none-eabi/12.3.1/thumb/v7e-m+dp/hard/crtbegin.o
LOAD C:/ST/STM32CubeIDE_1.17.0/STM32CubeIDE/plugins/com.st.stm32cube.ide.mcu.externaltools.gnu-tools-for-stm32.12.3.rel1.win32_1.1.0.202410251130/tools/bin/../lib/gcc/arm-none-eabi/12.3.1/../../../../arm-none-eabi/lib/thumb/v7e-m+dp/hard/crt0.o
LOAD ./Core/Src/freertos.o
LOAD ./Core/Src/main.o
LOAD ./Core/Src/obc.o
LOAD ./Core/Src/obc_interface.o
LOAD ./Core/Src/stm32h7xx_hal_msp.o
LOAD ./Core/Src/stm32h7xx_it.o
LOAD ./Core/Src/syscalls.o
LOAD ./Core/Src/sysmem.o
LOAD ./Core/Src/system_stm32h7xx.o
LOAD ./Core/Src/ttc.o
LOAD ./Core/Src/ttc_interface.o
LOAD ./Core/Startup/startup_stm32h743zitx.o
LOAD ./Drivers/STM32H7xx_HAL_Driver/Src/stm32h7xx_hal.o
LOAD ./Drivers/STM32H7xx_HAL_Driver/Src/stm32h7xx_hal_cortex.o
LOAD ./Drivers/STM32H7xx_HAL_Driver/Src/stm32h7xx_hal_dma.o
LOAD ./Drivers/STM32H7xx_HAL_Driver/Src/stm32h7xx_hal_dma_ex.o
LOAD ./Drivers/STM32H7xx_HAL_Driver/Src/stm32h7xx_hal_eth.o
LOAD ./Drivers/STM32H7xx_HAL_Driver/Src/stm32h7xx_hal_eth_ex.o
LOAD ./Drivers/STM32H7xx_HAL_Driver/Src/stm32h7xx_hal_exti.o
LOAD ./Drivers/STM32H7xx_HAL_Driver/Src/stm32h7xx_hal_flash.o
LOAD ./Drivers/STM32H7xx_HAL_Driver/Src/stm32h7xx_hal_flash_ex.o
LOAD ./Drivers/STM32H7xx_HAL_Driver/Src/stm32h7xx_hal_gpio.o
LOAD ./Drivers/STM32H7xx_HAL_Driver/Src/stm32h7xx_hal_hsem.o
LOAD ./Drivers/STM32H7xx_HAL_Driver/Src/stm32h7xx_hal_i2c.o
LOAD ./Drivers/STM32H7xx_HAL_Driver/Src/stm32h7xx_hal_i2c_ex.o
LOAD ./Drivers/STM32H7xx_HAL_Driver/Src/stm32h7xx_hal_mdma.o
LOAD ./Drivers/STM32H7xx_HAL_Driver/Src/stm32h7xx_hal_mmc.o
LOAD ./Drivers/STM32H7xx_HAL_Driver/Src/stm32h7xx_hal_mmc_ex.o
LOAD ./Drivers/STM32H7xx_HAL_Driver/Src/stm32h7xx_hal_pcd.o
LOAD ./Drivers/STM32H7xx_HAL_Driver/Src/stm32h7xx_hal_pcd_ex.o
LOAD ./Drivers/STM32H7xx_HAL_Driver/Src/stm32h7xx_hal_pwr.o
LOAD ./Drivers/STM32H7xx_HAL_Driver/Src/stm32h7xx_hal_pwr_ex.o
LOAD ./Drivers/STM32H7xx_HAL_Driver/Src/stm32h7xx_hal_rcc.o
LOAD ./Drivers/STM32H7xx_HAL_Driver/Src/stm32h7xx_hal_rcc_ex.o
LOAD ./Drivers/STM32H7xx_HAL_Driver/Src/stm32h7xx_hal_sd.o
LOAD ./Drivers/STM32H7xx_HAL_Driver/Src/stm32h7xx_hal_sd_ex.o
LOAD ./Drivers/STM32H7xx_HAL_Driver/Src/stm32h7xx_hal_tim.o
LOAD ./Drivers/STM32H7xx_HAL_Driver/Src/stm32h7xx_hal_tim_ex.o
LOAD ./Drivers/STM32H7xx_HAL_Driver/Src/stm32h7xx_hal_uart.o
LOAD ./Drivers/STM32H7xx_HAL_Driver/Src/stm32h7xx_hal_uart_ex.o
LOAD ./Drivers/STM32H7xx_HAL_Driver/Src/stm32h7xx_ll_delayblock.o
LOAD ./Drivers/STM32H7xx_HAL_Driver/Src/stm32h7xx_ll_sdmmc.o
LOAD ./Drivers/STM32H7xx_HAL_Driver/Src/stm32h7xx_ll_usb.o
LOAD ./FATFS/App/fatfs.o
LOAD ./FATFS/Target/bsp_driver_sd.o
LOAD ./FATFS/Target/fatfs_platform.o
LOAD ./FATFS/Target/sd_diskio.o
LOAD ./Middlewares/Third_Party/FatFs/src/diskio.o
LOAD ./Middlewares/Third_Party/FatFs/src/ff.o
LOAD ./Middlewares/Third_Party/FatFs/src/ff_gen_drv.o
LOAD ./Middlewares/Third_Party/FatFs/src/option/syscall.o
LOAD ./Middlewares/Third_Party/FreeRTOS/Source/CMSIS_RTOS_V2/cmsis_os2.o
LOAD ./Middlewares/Third_Party/FreeRTOS/Source/croutine.o
LOAD ./Middlewares/Third_Party/FreeRTOS/Source/event_groups.o
LOAD ./Middlewares/Third_Party/FreeRTOS/Source/list.o
LOAD ./Middlewares/Third_Party/FreeRTOS/Source/queue.o
LOAD ./Middlewares/Third_Party/FreeRTOS/Source/stream_buffer.o
LOAD ./Middlewares/Third_Party/FreeRTOS/Source/tasks.o
LOAD ./Middlewares/Third_Party/FreeRTOS/Source/timers.o
LOAD ./Middlewares/Third_Party/FreeRTOS/Source/portable/GCC/ARM_CM4F/port.o
LOAD ./Middlewares/Third_Party/FreeRTOS/Source/portable/MemMang/heap_4.o
START GROUP
LOAD C:/ST/STM32CubeIDE_1.17.0/STM32CubeIDE/plugins/com.st.stm32cube.ide.mcu.externaltools.gnu-tools-for-stm32.12.3.rel1.win32_1.1.0.202410251130/tools/bin/../lib/gcc/arm-none-eabi/12.3.1/../../../../arm-none-eabi/lib/thumb/v7e-m+dp/hard\libc_nano.a
LOAD C:/ST/STM32CubeIDE_1.17.0/STM32CubeIDE/plugins/com.st.stm32cube.ide.mcu.externaltools.gnu-tools-for-stm32.12.3.rel1.win32_1.1.0.202410251130/tools/bin/../lib/gcc/arm-none-eabi/12.3.1/../../../../arm-none-eabi/lib/thumb/v7e-m+dp/hard\libm.a
END GROUP
START GROUP
LOAD C:/ST/STM32CubeIDE_1.17.0/STM32CubeIDE/plugins/com.st.stm32cube.ide.mcu.externaltools.gnu-tools-for-stm32.12.3.rel1.win32_1.1.0.202410251130/tools/bin/../lib/gcc/arm-none-eabi/12.3.1/thumb/v7e-m+dp/hard\libgcc.a
LOAD C:/ST/STM32CubeIDE_1.17.0/STM32CubeIDE/plugins/com.st.stm32cube.ide.mcu.externaltools.gnu-tools-for-stm32.12.3.rel1.win32_1.1.0.202410251130/tools/bin/../lib/gcc/arm-none-eabi/12.3.1/../../../../arm-none-eabi/lib/thumb/v7e-m+dp/hard\libc_nano.a
END GROUP
START GROUP
LOAD C:/ST/STM32CubeIDE_1.17.0/STM32CubeIDE/plugins/com.st.stm32cube.ide.mcu.externaltools.gnu-tools-for-stm32.12.3.rel1.win32_1.1.0.202410251130/tools/bin/../lib/gcc/arm-none-eabi/12.3.1/thumb/v7e-m+dp/hard\libgcc.a
LOAD C:/ST/STM32CubeIDE_1.17.0/STM32CubeIDE/plugins/com.st.stm32cube.ide.mcu.externaltools.gnu-tools-for-stm32.12.3.rel1.win32_1.1.0.202410251130/tools/bin/../lib/gcc/arm-none-eabi/12.3.1/../../../../arm-none-eabi/lib/thumb/v7e-m+dp/hard\libc_nano.a
LOAD C:/ST/STM32CubeIDE_1.17.0/STM32CubeIDE/plugins/com.st.stm32cube.ide.mcu.externaltools.gnu-tools-for-stm32.12.3.rel1.win32_1.1.0.202410251130/tools/bin/../lib/gcc/arm-none-eabi/12.3.1/../../../../arm-none-eabi/lib/thumb/v7e-m+dp/hard\libnosys.a
END GROUP
START GROUP
LOAD C:/ST/STM32CubeIDE_1.17.0/STM32CubeIDE/plugins/com.st.stm32cube.ide.mcu.externaltools.gnu-tools-for-stm32.12.3.rel1.win32_1.1.0.202410251130/tools/bin/../lib/gcc/arm-none-eabi/12.3.1/thumb/v7e-m+dp/hard\libgcc.a
LOAD C:/ST/STM32CubeIDE_1.17.0/STM32CubeIDE/plugins/com.st.stm32cube.ide.mcu.externaltools.gnu-tools-for-stm32.12.3.rel1.win32_1.1.0.202410251130/tools/bin/../lib/gcc/arm-none-eabi/12.3.1/../../../../arm-none-eabi/lib/thumb/v7e-m+dp/hard\libc_nano.a
LOAD C:/ST/STM32CubeIDE_1.17.0/STM32CubeIDE/plugins/com.st.stm32cube.ide.mcu.externaltools.gnu-tools-for-stm32.12.3.rel1.win32_1.1.0.202410251130/tools/bin/../lib/gcc/arm-none-eabi/12.3.1/../../../../arm-none-eabi/lib/thumb/v7e-m+dp/hard\libnosys.a
END GROUP
LOAD C:/ST/STM32CubeIDE_1.17.0/STM32CubeIDE/plugins/com.st.stm32cube.ide.mcu.externaltools.gnu-tools-for-stm32.12.3.rel1.win32_1.1.0.202410251130/tools/bin/../lib/gcc/arm-none-eabi/12.3.1/thumb/v7e-m+dp/hard/crtend.o
LOAD C:/ST/STM32CubeIDE_1.17.0/STM32CubeIDE/plugins/com.st.stm32cube.ide.mcu.externaltools.gnu-tools-for-stm32.12.3.rel1.win32_1.1.0.202410251130/tools/bin/../lib/gcc/arm-none-eabi/12.3.1/thumb/v7e-m+dp/hard/crtn.o
                0x24080000                        _estack = (ORIGIN (RAM_D1) + LENGTH (RAM_D1))
                0x00000400                        _Min_Heap_Size = 0x400
                0x00000800                        _Min_Stack_Size = 0x800

.isr_vector     0x08000000      0x298
                0x08000000                        . = ALIGN (0x4)
 *(.isr_vector)
 .isr_vector    0x08000000      0x298 ./Core/Startup/startup_stm32h743zitx.o
                0x08000000                g_pfnVectors
                0x08000298                        . = ALIGN (0x4)

.text           0x080002a0     0xce64
                0x080002a0                        . = ALIGN (0x4)
 *(.text)
 .text          0x080002a0       0x40 C:/ST/STM32CubeIDE_1.17.0/STM32CubeIDE/plugins/com.st.stm32cube.ide.mcu.externaltools.gnu-tools-for-stm32.12.3.rel1.win32_1.1.0.202410251130/tools/bin/../lib/gcc/arm-none-eabi/12.3.1/thumb/v7e-m+dp/hard/crtbegin.o
 .text          0x080002e0       0x30 C:/ST/STM32CubeIDE_1.17.0/STM32CubeIDE/plugins/com.st.stm32cube.ide.mcu.externaltools.gnu-tools-for-stm32.12.3.rel1.win32_1.1.0.202410251130/tools/bin/../lib/gcc/arm-none-eabi/12.3.1/thumb/v7e-m+dp/hard\libgcc.a(_aeabi_uldivmod.o)
                0x080002e0                __aeabi_uldivmod
 .text          0x08000310      0x2bc C:/ST/STM32CubeIDE_1.17.0/STM32CubeIDE/plugins/com.st.stm32cube.ide.mcu.externaltools.gnu-tools-for-stm32.12.3.rel1.win32_1.1.0.202410251130/tools/bin/../lib/gcc/arm-none-eabi/12.3.1/thumb/v7e-m+dp/hard\libgcc.a(_udivmoddi4.o)
                0x08000310                __udivmoddi4
 .text          0x080005cc        0x4 C:/ST/STM32CubeIDE_1.17.0/STM32CubeIDE/plugins/com.st.stm32cube.ide.mcu.externaltools.gnu-tools-for-stm32.12.3.rel1.win32_1.1.0.202410251130/tools/bin/../lib/gcc/arm-none-eabi/12.3.1/thumb/v7e-m+dp/hard\libgcc.a(_dvmd_tls.o)
                0x080005cc                __aeabi_idiv0
                0x080005cc                __aeabi_ldiv0
 *(.text*)
 .text.main     0x080005d0       0x88 ./Core/Src/main.o
                0x080005d0                main
 .text.SystemClock_Config
                0x08000658      0x100 ./Core/Src/main.o
                0x08000658                SystemClock_Config
 .text.MX_ETH_Init
                0x08000758       0x98 ./Core/Src/main.o
 .text.MX_SDMMC1_SD_Init
                0x080007f0       0x3c ./Core/Src/main.o
 .text.MX_USART3_UART_Init
                0x0800082c       0x98 ./Core/Src/main.o
 .text.MX_USB_OTG_FS_PCD_Init
                0x080008c4       0x64 ./Core/Src/main.o
 .text.MX_GPIO_Init
                0x08000928      0x1b8 ./Core/Src/main.o
 .text.StartDefaultTask
                0x08000ae0       0x10 ./Core/Src/main.o
                0x08000ae0                StartDefaultTask
 .text.Error_Handler
                0x08000af0        0xc ./Core/Src/main.o
                0x08000af0                Error_Handler
 .text.obc_notifications
                0x08000afc       0x14 ./Core/Src/obc.o
                0x08000afc                obc_notifications
 .text.HAL_MspInit
                0x08000b10       0x3c ./Core/Src/stm32h7xx_hal_msp.o
                0x08000b10                HAL_MspInit
 .text.HAL_ETH_MspInit
                0x08000b4c      0x19c ./Core/Src/stm32h7xx_hal_msp.o
                0x08000b4c                HAL_ETH_MspInit
 .text.HAL_SD_MspInit
                0x08000ce8      0x12c ./Core/Src/stm32h7xx_hal_msp.o
                0x08000ce8                HAL_SD_MspInit
 .text.HAL_UART_MspInit
                0x08000e14       0xd4 ./Core/Src/stm32h7xx_hal_msp.o
                0x08000e14                HAL_UART_MspInit
 .text.HAL_PCD_MspInit
                0x08000ee8       0xf8 ./Core/Src/stm32h7xx_hal_msp.o
                0x08000ee8                HAL_PCD_MspInit
 .text.NMI_Handler
                0x08000fe0        0x8 ./Core/Src/stm32h7xx_it.o
                0x08000fe0                NMI_Handler
 .text.HardFault_Handler
                0x08000fe8        0x8 ./Core/Src/stm32h7xx_it.o
                0x08000fe8                HardFault_Handler
 .text.MemManage_Handler
                0x08000ff0        0x8 ./Core/Src/stm32h7xx_it.o
                0x08000ff0                MemManage_Handler
 .text.BusFault_Handler
                0x08000ff8        0x8 ./Core/Src/stm32h7xx_it.o
                0x08000ff8                BusFault_Handler
 .text.UsageFault_Handler
                0x08001000        0x8 ./Core/Src/stm32h7xx_it.o
                0x08001000                UsageFault_Handler
 .text.DebugMon_Handler
                0x08001008        0xe ./Core/Src/stm32h7xx_it.o
                0x08001008                DebugMon_Handler
 .text.SysTick_Handler
                0x08001016       0x1a ./Core/Src/stm32h7xx_it.o
                0x08001016                SysTick_Handler
 .text.SDMMC1_IRQHandler
                0x08001030       0x14 ./Core/Src/stm32h7xx_it.o
                0x08001030                SDMMC1_IRQHandler
 .text.SystemInit
                0x08001044      0x110 ./Core/Src/system_stm32h7xx.o
                0x08001044                SystemInit
 .text.ttc_notifications
                0x08001154       0x14 ./Core/Src/ttc.o
                0x08001154                ttc_notifications
 .text.Reset_Handler
                0x08001168       0x50 ./Core/Startup/startup_stm32h743zitx.o
                0x08001168                Reset_Handler
 .text.Default_Handler
                0x080011b8        0x2 ./Core/Startup/startup_stm32h743zitx.o
                0x080011b8                RTC_Alarm_IRQHandler
                0x080011b8                EXTI2_IRQHandler
                0x080011b8                TIM8_CC_IRQHandler
                0x080011b8                HRTIM1_Master_IRQHandler
                0x080011b8                UART8_IRQHandler
                0x080011b8                SPI4_IRQHandler
                0x080011b8                TIM1_CC_IRQHandler
                0x080011b8                BDMA_Channel6_IRQHandler
                0x080011b8                DMA2_Stream5_IRQHandler
                0x080011b8                HRTIM1_FLT_IRQHandler
                0x080011b8                JPEG_IRQHandler
                0x080011b8                DMA1_Stream5_IRQHandler
                0x080011b8                BDMA_Channel1_IRQHandler
                0x080011b8                HRTIM1_TIMD_IRQHandler
                0x080011b8                TAMP_STAMP_IRQHandler
                0x080011b8                EXTI3_IRQHandler
                0x080011b8                LPTIM4_IRQHandler
                0x080011b8                TIM8_TRG_COM_TIM14_IRQHandler
                0x080011b8                LPTIM2_IRQHandler
                0x080011b8                DFSDM1_FLT1_IRQHandler
                0x080011b8                DMAMUX2_OVR_IRQHandler
                0x080011b8                TIM8_UP_TIM13_IRQHandler
                0x080011b8                I2C3_ER_IRQHandler
                0x080011b8                DFSDM1_FLT2_IRQHandler
                0x080011b8                MDMA_IRQHandler
                0x080011b8                LPTIM3_IRQHandler
                0x080011b8                HSEM1_IRQHandler
                0x080011b8                EXTI0_IRQHandler
                0x080011b8                I2C2_EV_IRQHandler
                0x080011b8                DMA1_Stream2_IRQHandler
                0x080011b8                FPU_IRQHandler
                0x080011b8                OTG_HS_WKUP_IRQHandler
                0x080011b8                FDCAN1_IT1_IRQHandler
                0x080011b8                LTDC_ER_IRQHandler
                0x080011b8                DMA2_Stream2_IRQHandler
                0x080011b8                HRTIM1_TIME_IRQHandler
                0x080011b8                SPI1_IRQHandler
                0x080011b8                TIM6_DAC_IRQHandler
                0x080011b8                DCMI_IRQHandler
                0x080011b8                HRTIM1_TIMC_IRQHandler
                0x080011b8                DMA2_Stream3_IRQHandler
                0x080011b8                SAI2_IRQHandler
                0x080011b8                DFSDM1_FLT3_IRQHandler
                0x080011b8                USART6_IRQHandler
                0x080011b8                TIM17_IRQHandler
                0x080011b8                USART3_IRQHandler
                0x080011b8                BDMA_Channel7_IRQHandler
                0x080011b8                LPTIM5_IRQHandler
                0x080011b8                UART5_IRQHandler
                0x080011b8                ADC3_IRQHandler
                0x080011b8                DMA2_Stream0_IRQHandler
                0x080011b8                TIM4_IRQHandler
                0x080011b8                BDMA_Channel2_IRQHandler
                0x080011b8                QUADSPI_IRQHandler
                0x080011b8                I2C1_EV_IRQHandler
                0x080011b8                DMA1_Stream6_IRQHandler
                0x080011b8                DMAMUX1_OVR_IRQHandler
                0x080011b8                DMA1_Stream1_IRQHandler
                0x080011b8                TIM16_IRQHandler
                0x080011b8                UART4_IRQHandler
                0x080011b8                BDMA_Channel5_IRQHandler
                0x080011b8                TIM3_IRQHandler
                0x080011b8                RCC_IRQHandler
                0x080011b8                TIM8_BRK_TIM12_IRQHandler
                0x080011b8                TIM1_TRG_COM_IRQHandler
                0x080011b8                Default_Handler
                0x080011b8                ECC_IRQHandler
                0x080011b8                CEC_IRQHandler
                0x080011b8                EXTI15_10_IRQHandler
                0x080011b8                BDMA_Channel0_IRQHandler
                0x080011b8                ADC_IRQHandler
                0x080011b8                DMA1_Stream7_IRQHandler
                0x080011b8                HRTIM1_TIMA_IRQHandler
                0x080011b8                SPI5_IRQHandler
                0x080011b8                TIM7_IRQHandler
                0x080011b8                TIM5_IRQHandler
                0x080011b8                DMA2_Stream7_IRQHandler
                0x080011b8                TIM15_IRQHandler
                0x080011b8                PVD_AVD_IRQHandler
                0x080011b8                I2C3_EV_IRQHandler
                0x080011b8                EXTI9_5_IRQHandler
                0x080011b8                RTC_WKUP_IRQHandler
                0x080011b8                LTDC_IRQHandler
                0x080011b8                SAI3_IRQHandler
                0x080011b8                ETH_WKUP_IRQHandler
                0x080011b8                SPDIF_RX_IRQHandler
                0x080011b8                SPI2_IRQHandler
                0x080011b8                OTG_HS_EP1_IN_IRQHandler
                0x080011b8                DMA1_Stream0_IRQHandler
                0x080011b8                CRS_IRQHandler
                0x080011b8                EXTI4_IRQHandler
                0x080011b8                RNG_IRQHandler
                0x080011b8                HRTIM1_TIMB_IRQHandler
                0x080011b8                FDCAN2_IT1_IRQHandler
                0x080011b8                ETH_IRQHandler
                0x080011b8                TIM1_UP_IRQHandler
                0x080011b8                BDMA_Channel4_IRQHandler
                0x080011b8                OTG_HS_EP1_OUT_IRQHandler
                0x080011b8                WWDG_IRQHandler
                0x080011b8                SPI6_IRQHandler
                0x080011b8                MDIOS_IRQHandler
                0x080011b8                I2C4_EV_IRQHandler
                0x080011b8                FDCAN2_IT0_IRQHandler
                0x080011b8                LPUART1_IRQHandler
                0x080011b8                FDCAN1_IT0_IRQHandler
                0x080011b8                TIM2_IRQHandler
                0x080011b8                OTG_FS_WKUP_IRQHandler
                0x080011b8                OTG_HS_IRQHandler
                0x080011b8                DMA2D_IRQHandler
                0x080011b8                TIM1_BRK_IRQHandler
                0x080011b8                EXTI1_IRQHandler
                0x080011b8                SDMMC2_IRQHandler
                0x080011b8                OTG_FS_EP1_OUT_IRQHandler
                0x080011b8                BDMA_Channel3_IRQHandler
                0x080011b8                UART7_IRQHandler
                0x080011b8                MDIOS_WKUP_IRQHandler
                0x080011b8                USART2_IRQHandler
                0x080011b8                DFSDM1_FLT0_IRQHandler
                0x080011b8                SAI4_IRQHandler
                0x080011b8                I2C2_ER_IRQHandler
                0x080011b8                DMA2_Stream1_IRQHandler
                0x080011b8                FLASH_IRQHandler
                0x080011b8                DMA2_Stream4_IRQHandler
                0x080011b8                USART1_IRQHandler
                0x080011b8                OTG_FS_IRQHandler
                0x080011b8                SPI3_IRQHandler
                0x080011b8                WAKEUP_PIN_IRQHandler
                0x080011b8                DMA1_Stream4_IRQHandler
                0x080011b8                OTG_FS_EP1_IN_IRQHandler
                0x080011b8                I2C1_ER_IRQHandler
                0x080011b8                FMC_IRQHandler
                0x080011b8                FDCAN_CAL_IRQHandler
                0x080011b8                SWPMI1_IRQHandler
                0x080011b8                COMP1_IRQHandler
                0x080011b8                LPTIM1_IRQHandler
                0x080011b8                I2C4_ER_IRQHandler
                0x080011b8                DMA2_Stream6_IRQHandler
                0x080011b8                SAI1_IRQHandler
                0x080011b8                DMA1_Stream3_IRQHandler
 *fill*         0x080011ba        0x2 
 .text.HAL_Init
                0x080011bc       0x78 ./Drivers/STM32H7xx_HAL_Driver/Src/stm32h7xx_hal.o
                0x080011bc                HAL_Init
 .text.HAL_InitTick
                0x08001234       0x6c ./Drivers/STM32H7xx_HAL_Driver/Src/stm32h7xx_hal.o
                0x08001234                HAL_InitTick
 .text.HAL_IncTick
                0x080012a0       0x28 ./Drivers/STM32H7xx_HAL_Driver/Src/stm32h7xx_hal.o
                0x080012a0                HAL_IncTick
 .text.HAL_GetTick
                0x080012c8       0x18 ./Drivers/STM32H7xx_HAL_Driver/Src/stm32h7xx_hal.o
                0x080012c8                HAL_GetTick
 .text.HAL_Delay
                0x080012e0       0x48 ./Drivers/STM32H7xx_HAL_Driver/Src/stm32h7xx_hal.o
                0x080012e0                HAL_Delay
 .text.HAL_GetREVID
                0x08001328       0x18 ./Drivers/STM32H7xx_HAL_Driver/Src/stm32h7xx_hal.o
                0x08001328                HAL_GetREVID
 .text.HAL_SYSCFG_ETHInterfaceSelect
                0x08001340       0x28 ./Drivers/STM32H7xx_HAL_Driver/Src/stm32h7xx_hal.o
                0x08001340                HAL_SYSCFG_ETHInterfaceSelect
 .text.__NVIC_SetPriorityGrouping
                0x08001368       0x48 ./Drivers/STM32H7xx_HAL_Driver/Src/stm32h7xx_hal_cortex.o
 .text.__NVIC_GetPriorityGrouping
                0x080013b0       0x1c ./Drivers/STM32H7xx_HAL_Driver/Src/stm32h7xx_hal_cortex.o
 .text.__NVIC_EnableIRQ
                0x080013cc       0x3c ./Drivers/STM32H7xx_HAL_Driver/Src/stm32h7xx_hal_cortex.o
 .text.__NVIC_SetPriority
                0x08001408       0x54 ./Drivers/STM32H7xx_HAL_Driver/Src/stm32h7xx_hal_cortex.o
 .text.NVIC_EncodePriority
                0x0800145c       0x66 ./Drivers/STM32H7xx_HAL_Driver/Src/stm32h7xx_hal_cortex.o
 *fill*         0x080014c2        0x2 
 .text.SysTick_Config
                0x080014c4       0x44 ./Drivers/STM32H7xx_HAL_Driver/Src/stm32h7xx_hal_cortex.o
 .text.HAL_NVIC_SetPriorityGrouping
                0x08001508       0x16 ./Drivers/STM32H7xx_HAL_Driver/Src/stm32h7xx_hal_cortex.o
                0x08001508                HAL_NVIC_SetPriorityGrouping
 .text.HAL_NVIC_SetPriority
                0x0800151e       0x34 ./Drivers/STM32H7xx_HAL_Driver/Src/stm32h7xx_hal_cortex.o
                0x0800151e                HAL_NVIC_SetPriority
 .text.HAL_NVIC_EnableIRQ
                0x08001552       0x1c ./Drivers/STM32H7xx_HAL_Driver/Src/stm32h7xx_hal_cortex.o
                0x08001552                HAL_NVIC_EnableIRQ
 .text.HAL_SYSTICK_Config
                0x0800156e       0x18 ./Drivers/STM32H7xx_HAL_Driver/Src/stm32h7xx_hal_cortex.o
                0x0800156e                HAL_SYSTICK_Config
 *fill*         0x08001586        0x2 
 .text.HAL_ETH_Init
                0x08001588      0x1fc ./Drivers/STM32H7xx_HAL_Driver/Src/stm32h7xx_hal_eth.o
                0x08001588                HAL_ETH_Init
 .text.HAL_ETH_SetMDIOClockRange
                0x08001784       0xa0 ./Drivers/STM32H7xx_HAL_Driver/Src/stm32h7xx_hal_eth.o
                0x08001784                HAL_ETH_SetMDIOClockRange
 .text.ETH_SetMACConfig
                0x08001824      0x238 ./Drivers/STM32H7xx_HAL_Driver/Src/stm32h7xx_hal_eth.o
 .text.ETH_SetDMAConfig
                0x08001a5c      0x10c ./Drivers/STM32H7xx_HAL_Driver/Src/stm32h7xx_hal_eth.o
 .text.ETH_MACDMAConfig
                0x08001b68      0x13a ./Drivers/STM32H7xx_HAL_Driver/Src/stm32h7xx_hal_eth.o
 .text.ETH_DMATxDescListInit
                0x08001ca2       0x92 ./Drivers/STM32H7xx_HAL_Driver/Src/stm32h7xx_hal_eth.o
 .text.ETH_DMARxDescListInit
                0x08001d34       0xba ./Drivers/STM32H7xx_HAL_Driver/Src/stm32h7xx_hal_eth.o
 *fill*         0x08001dee        0x2 
 .text.HAL_GPIO_Init
                0x08001df0      0x360 ./Drivers/STM32H7xx_HAL_Driver/Src/stm32h7xx_hal_gpio.o
                0x08001df0                HAL_GPIO_Init
 .text.HAL_GPIO_ReadPin
                0x08002150       0x30 ./Drivers/STM32H7xx_HAL_Driver/Src/stm32h7xx_hal_gpio.o
                0x08002150                HAL_GPIO_ReadPin
 .text.HAL_GPIO_WritePin
                0x08002180       0x32 ./Drivers/STM32H7xx_HAL_Driver/Src/stm32h7xx_hal_gpio.o
                0x08002180                HAL_GPIO_WritePin
 .text.HAL_PCD_Init
                0x080021b2      0x218 ./Drivers/STM32H7xx_HAL_Driver/Src/stm32h7xx_hal_pcd.o
                0x080021b2                HAL_PCD_Init
 *fill*         0x080023ca        0x2 
 .text.HAL_PCDEx_ActivateLPM
                0x080023cc       0x48 ./Drivers/STM32H7xx_HAL_Driver/Src/stm32h7xx_hal_pcd_ex.o
                0x080023cc                HAL_PCDEx_ActivateLPM
 .text.HAL_PWREx_ConfigSupply
                0x08002414       0x74 ./Drivers/STM32H7xx_HAL_Driver/Src/stm32h7xx_hal_pwr_ex.o
                0x08002414                HAL_PWREx_ConfigSupply
 .text.HAL_PWREx_EnableUSBVoltageDetector
                0x08002488       0x20 ./Drivers/STM32H7xx_HAL_Driver/Src/stm32h7xx_hal_pwr_ex.o
                0x08002488                HAL_PWREx_EnableUSBVoltageDetector
 .text.HAL_RCC_OscConfig
                0x080024a8      0x8b4 ./Drivers/STM32H7xx_HAL_Driver/Src/stm32h7xx_hal_rcc.o
                0x080024a8                HAL_RCC_OscConfig
 .text.HAL_RCC_ClockConfig
                0x08002d5c      0x36c ./Drivers/STM32H7xx_HAL_Driver/Src/stm32h7xx_hal_rcc.o
                0x08002d5c                HAL_RCC_ClockConfig
 .text.HAL_RCC_GetSysClockFreq
                0x080030c8      0x2f4 ./Drivers/STM32H7xx_HAL_Driver/Src/stm32h7xx_hal_rcc.o
                0x080030c8                HAL_RCC_GetSysClockFreq
 .text.HAL_RCC_GetHCLKFreq
                0x080033bc       0x60 ./Drivers/STM32H7xx_HAL_Driver/Src/stm32h7xx_hal_rcc.o
                0x080033bc                HAL_RCC_GetHCLKFreq
 .text.HAL_RCC_GetPCLK1Freq
                0x0800341c       0x2c ./Drivers/STM32H7xx_HAL_Driver/Src/stm32h7xx_hal_rcc.o
                0x0800341c                HAL_RCC_GetPCLK1Freq
 .text.HAL_RCC_GetPCLK2Freq
                0x08003448       0x2c ./Drivers/STM32H7xx_HAL_Driver/Src/stm32h7xx_hal_rcc.o
                0x08003448                HAL_RCC_GetPCLK2Freq
 .text.HAL_RCCEx_PeriphCLKConfig
                0x08003474     0x1414 ./Drivers/STM32H7xx_HAL_Driver/Src/stm32h7xx_hal_rcc_ex.o
                0x08003474                HAL_RCCEx_PeriphCLKConfig
 .text.HAL_RCCEx_GetPeriphCLKFreq
                0x08004888      0xb00 ./Drivers/STM32H7xx_HAL_Driver/Src/stm32h7xx_hal_rcc_ex.o
                0x08004888                HAL_RCCEx_GetPeriphCLKFreq
 .text.HAL_RCCEx_GetD3PCLK1Freq
                0x08005388       0x2c ./Drivers/STM32H7xx_HAL_Driver/Src/stm32h7xx_hal_rcc_ex.o
                0x08005388                HAL_RCCEx_GetD3PCLK1Freq
 .text.HAL_RCCEx_GetPLL2ClockFreq
                0x080053b4      0x2a8 ./Drivers/STM32H7xx_HAL_Driver/Src/stm32h7xx_hal_rcc_ex.o
                0x080053b4                HAL_RCCEx_GetPLL2ClockFreq
 .text.HAL_RCCEx_GetPLL3ClockFreq
                0x0800565c      0x2a8 ./Drivers/STM32H7xx_HAL_Driver/Src/stm32h7xx_hal_rcc_ex.o
                0x0800565c                HAL_RCCEx_GetPLL3ClockFreq
 .text.HAL_RCCEx_GetPLL1ClockFreq
                0x08005904      0x2a4 ./Drivers/STM32H7xx_HAL_Driver/Src/stm32h7xx_hal_rcc_ex.o
                0x08005904                HAL_RCCEx_GetPLL1ClockFreq
 .text.RCCEx_PLL2_Config
                0x08005ba8      0x164 ./Drivers/STM32H7xx_HAL_Driver/Src/stm32h7xx_hal_rcc_ex.o
 .text.RCCEx_PLL3_Config
                0x08005d0c      0x164 ./Drivers/STM32H7xx_HAL_Driver/Src/stm32h7xx_hal_rcc_ex.o
 .text.HAL_SD_Init
                0x08005e70      0x106 ./Drivers/STM32H7xx_HAL_Driver/Src/stm32h7xx_hal_sd.o
                0x08005e70                HAL_SD_Init
 *fill*         0x08005f76        0x2 
 .text.HAL_SD_InitCard
                0x08005f78      0x138 ./Drivers/STM32H7xx_HAL_Driver/Src/stm32h7xx_hal_sd.o
                0x08005f78                HAL_SD_InitCard
 .text.HAL_SD_ReadBlocks_DMA
                0x080060b0      0x150 ./Drivers/STM32H7xx_HAL_Driver/Src/stm32h7xx_hal_sd.o
                0x080060b0                HAL_SD_ReadBlocks_DMA
 .text.HAL_SD_WriteBlocks_DMA
                0x08006200      0x150 ./Drivers/STM32H7xx_HAL_Driver/Src/stm32h7xx_hal_sd.o
                0x08006200                HAL_SD_WriteBlocks_DMA
 .text.HAL_SD_IRQHandler
                0x08006350      0x370 ./Drivers/STM32H7xx_HAL_Driver/Src/stm32h7xx_hal_sd.o
                0x08006350                HAL_SD_IRQHandler
 .text.HAL_SD_ErrorCallback
                0x080066c0       0x14 ./Drivers/STM32H7xx_HAL_Driver/Src/stm32h7xx_hal_sd.o
                0x080066c0                HAL_SD_ErrorCallback
 .text.HAL_SD_GetCardCSD
                0x080066d4      0x348 ./Drivers/STM32H7xx_HAL_Driver/Src/stm32h7xx_hal_sd.o
                0x080066d4                HAL_SD_GetCardCSD
 .text.HAL_SD_GetCardStatus
                0x08006a1c      0x17c ./Drivers/STM32H7xx_HAL_Driver/Src/stm32h7xx_hal_sd.o
                0x08006a1c                HAL_SD_GetCardStatus
 .text.HAL_SD_GetCardInfo
                0x08006b98       0x58 ./Drivers/STM32H7xx_HAL_Driver/Src/stm32h7xx_hal_sd.o
                0x08006b98                HAL_SD_GetCardInfo
 .text.HAL_SD_ConfigWideBusOperation
                0x08006bf0      0x224 ./Drivers/STM32H7xx_HAL_Driver/Src/stm32h7xx_hal_sd.o
                0x08006bf0                HAL_SD_ConfigWideBusOperation
 .text.HAL_SD_GetCardState
                0x08006e14       0x40 ./Drivers/STM32H7xx_HAL_Driver/Src/stm32h7xx_hal_sd.o
                0x08006e14                HAL_SD_GetCardState
 .text.SD_InitCard
                0x08006e54      0x19c ./Drivers/STM32H7xx_HAL_Driver/Src/stm32h7xx_hal_sd.o
 .text.SD_PowerON
                0x08006ff0      0x11c ./Drivers/STM32H7xx_HAL_Driver/Src/stm32h7xx_hal_sd.o
 .text.SD_SendSDStatus
                0x0800710c      0x1a0 ./Drivers/STM32H7xx_HAL_Driver/Src/stm32h7xx_hal_sd.o
 .text.SD_SendStatus
                0x080072ac       0x50 ./Drivers/STM32H7xx_HAL_Driver/Src/stm32h7xx_hal_sd.o
 .text.SD_WideBus_Enable
                0x080072fc       0x96 ./Drivers/STM32H7xx_HAL_Driver/Src/stm32h7xx_hal_sd.o
 .text.SD_WideBus_Disable
                0x08007392       0x96 ./Drivers/STM32H7xx_HAL_Driver/Src/stm32h7xx_hal_sd.o
 .text.SD_FindSCR
                0x08007428      0x1a0 ./Drivers/STM32H7xx_HAL_Driver/Src/stm32h7xx_hal_sd.o
 .text.SD_Read_IT
                0x080075c8       0x8c ./Drivers/STM32H7xx_HAL_Driver/Src/stm32h7xx_hal_sd.o
 .text.SD_Write_IT
                0x08007654       0x94 ./Drivers/STM32H7xx_HAL_Driver/Src/stm32h7xx_hal_sd.o
 .text.HAL_SDEx_Read_DMADoubleBuf0CpltCallback
                0x080076e8       0x14 ./Drivers/STM32H7xx_HAL_Driver/Src/stm32h7xx_hal_sd.o
                0x080076e8                HAL_SDEx_Read_DMADoubleBuf0CpltCallback
 .text.HAL_SDEx_Read_DMADoubleBuf1CpltCallback
                0x080076fc       0x14 ./Drivers/STM32H7xx_HAL_Driver/Src/stm32h7xx_hal_sd.o
                0x080076fc                HAL_SDEx_Read_DMADoubleBuf1CpltCallback
 .text.HAL_SDEx_Write_DMADoubleBuf0CpltCallback
                0x08007710       0x14 ./Drivers/STM32H7xx_HAL_Driver/Src/stm32h7xx_hal_sd.o
                0x08007710                HAL_SDEx_Write_DMADoubleBuf0CpltCallback
 .text.HAL_SDEx_Write_DMADoubleBuf1CpltCallback
                0x08007724       0x14 ./Drivers/STM32H7xx_HAL_Driver/Src/stm32h7xx_hal_sd.o
                0x08007724                HAL_SDEx_Write_DMADoubleBuf1CpltCallback
 .text.HAL_UART_Init
                0x08007738       0xa0 ./Drivers/STM32H7xx_HAL_Driver/Src/stm32h7xx_hal_uart.o
                0x08007738                HAL_UART_Init
 .text.UART_SetConfig
                0x080077d8      0xad0 ./Drivers/STM32H7xx_HAL_Driver/Src/stm32h7xx_hal_uart.o
                0x080077d8                UART_SetConfig
 .text.UART_AdvFeatureConfig
                0x080082a8      0x144 ./Drivers/STM32H7xx_HAL_Driver/Src/stm32h7xx_hal_uart.o
                0x080082a8                UART_AdvFeatureConfig
 .text.UART_CheckIdleState
                0x080083ec      0x154 ./Drivers/STM32H7xx_HAL_Driver/Src/stm32h7xx_hal_uart.o
                0x080083ec                UART_CheckIdleState
 .text.UART_WaitOnFlagUntilTimeout
                0x08008540       0xda ./Drivers/STM32H7xx_HAL_Driver/Src/stm32h7xx_hal_uart.o
                0x08008540                UART_WaitOnFlagUntilTimeout
 *fill*         0x0800861a        0x2 
 .text.UART_EndRxTransfer
                0x0800861c       0xcc ./Drivers/STM32H7xx_HAL_Driver/Src/stm32h7xx_hal_uart.o
 .text.HAL_UARTEx_DisableFifoMode
                0x080086e8       0x72 ./Drivers/STM32H7xx_HAL_Driver/Src/stm32h7xx_hal_uart_ex.o
                0x080086e8                HAL_UARTEx_DisableFifoMode
 .text.HAL_UARTEx_SetTxFifoThreshold
                0x0800875a       0x7c ./Drivers/STM32H7xx_HAL_Driver/Src/stm32h7xx_hal_uart_ex.o
                0x0800875a                HAL_UARTEx_SetTxFifoThreshold
 .text.HAL_UARTEx_SetRxFifoThreshold
                0x080087d6       0x7c ./Drivers/STM32H7xx_HAL_Driver/Src/stm32h7xx_hal_uart_ex.o
                0x080087d6                HAL_UARTEx_SetRxFifoThreshold
 *fill*         0x08008852        0x2 
 .text.UARTEx_SetNbDataToProcess
                0x08008854       0x9c ./Drivers/STM32H7xx_HAL_Driver/Src/stm32h7xx_hal_uart_ex.o
 .text.SDMMC_Init
                0x080088f0       0x54 ./Drivers/STM32H7xx_HAL_Driver/Src/stm32h7xx_ll_sdmmc.o
                0x080088f0                SDMMC_Init
 .text.SDMMC_ReadFIFO
                0x08008944       0x1a ./Drivers/STM32H7xx_HAL_Driver/Src/stm32h7xx_ll_sdmmc.o
                0x08008944                SDMMC_ReadFIFO
 .text.SDMMC_WriteFIFO
                0x0800895e       0x22 ./Drivers/STM32H7xx_HAL_Driver/Src/stm32h7xx_ll_sdmmc.o
                0x0800895e                SDMMC_WriteFIFO
 .text.SDMMC_PowerState_ON
                0x08008980       0x22 ./Drivers/STM32H7xx_HAL_Driver/Src/stm32h7xx_ll_sdmmc.o
                0x08008980                SDMMC_PowerState_ON
 .text.SDMMC_GetPowerState
                0x080089a2       0x1c ./Drivers/STM32H7xx_HAL_Driver/Src/stm32h7xx_ll_sdmmc.o
                0x080089a2                SDMMC_GetPowerState
 *fill*         0x080089be        0x2 
 .text.SDMMC_SendCommand
                0x080089c0       0x54 ./Drivers/STM32H7xx_HAL_Driver/Src/stm32h7xx_ll_sdmmc.o
                0x080089c0                SDMMC_SendCommand
 .text.SDMMC_GetCommandResponse
                0x08008a14       0x1a ./Drivers/STM32H7xx_HAL_Driver/Src/stm32h7xx_ll_sdmmc.o
                0x08008a14                SDMMC_GetCommandResponse
 .text.SDMMC_GetResponse
                0x08008a2e       0x26 ./Drivers/STM32H7xx_HAL_Driver/Src/stm32h7xx_ll_sdmmc.o
                0x08008a2e                SDMMC_GetResponse
 .text.SDMMC_ConfigData
                0x08008a54       0x58 ./Drivers/STM32H7xx_HAL_Driver/Src/stm32h7xx_ll_sdmmc.o
                0x08008a54                SDMMC_ConfigData
 .text.SDMMC_CmdBlockLength
                0x08008aac       0x46 ./Drivers/STM32H7xx_HAL_Driver/Src/stm32h7xx_ll_sdmmc.o
                0x08008aac                SDMMC_CmdBlockLength
 .text.SDMMC_CmdReadSingleBlock
                0x08008af2       0x46 ./Drivers/STM32H7xx_HAL_Driver/Src/stm32h7xx_ll_sdmmc.o
                0x08008af2                SDMMC_CmdReadSingleBlock
 .text.SDMMC_CmdReadMultiBlock
                0x08008b38       0x46 ./Drivers/STM32H7xx_HAL_Driver/Src/stm32h7xx_ll_sdmmc.o
                0x08008b38                SDMMC_CmdReadMultiBlock
 .text.SDMMC_CmdWriteSingleBlock
                0x08008b7e       0x46 ./Drivers/STM32H7xx_HAL_Driver/Src/stm32h7xx_ll_sdmmc.o
                0x08008b7e                SDMMC_CmdWriteSingleBlock
 .text.SDMMC_CmdWriteMultiBlock
                0x08008bc4       0x46 ./Drivers/STM32H7xx_HAL_Driver/Src/stm32h7xx_ll_sdmmc.o
                0x08008bc4                SDMMC_CmdWriteMultiBlock
 *fill*         0x08008c0a        0x2 
 .text.SDMMC_CmdStopTransfer
                0x08008c0c       0x78 ./Drivers/STM32H7xx_HAL_Driver/Src/stm32h7xx_ll_sdmmc.o
                0x08008c0c                SDMMC_CmdStopTransfer
 .text.SDMMC_CmdSelDesel
                0x08008c84       0x46 ./Drivers/STM32H7xx_HAL_Driver/Src/stm32h7xx_ll_sdmmc.o
                0x08008c84                SDMMC_CmdSelDesel
 .text.SDMMC_CmdGoIdleState
                0x08008cca       0x3c ./Drivers/STM32H7xx_HAL_Driver/Src/stm32h7xx_ll_sdmmc.o
                0x08008cca                SDMMC_CmdGoIdleState
 .text.SDMMC_CmdOperCond
                0x08008d06       0x40 ./Drivers/STM32H7xx_HAL_Driver/Src/stm32h7xx_ll_sdmmc.o
                0x08008d06                SDMMC_CmdOperCond
 .text.SDMMC_CmdAppCommand
                0x08008d46       0x46 ./Drivers/STM32H7xx_HAL_Driver/Src/stm32h7xx_ll_sdmmc.o
                0x08008d46                SDMMC_CmdAppCommand
 .text.SDMMC_CmdAppOperCommand
                0x08008d8c       0x40 ./Drivers/STM32H7xx_HAL_Driver/Src/stm32h7xx_ll_sdmmc.o
                0x08008d8c                SDMMC_CmdAppOperCommand
 .text.SDMMC_CmdBusWidth
                0x08008dcc       0x46 ./Drivers/STM32H7xx_HAL_Driver/Src/stm32h7xx_ll_sdmmc.o
                0x08008dcc                SDMMC_CmdBusWidth
 .text.SDMMC_CmdSendSCR
                0x08008e12       0x44 ./Drivers/STM32H7xx_HAL_Driver/Src/stm32h7xx_ll_sdmmc.o
                0x08008e12                SDMMC_CmdSendSCR
 .text.SDMMC_CmdSendCID
                0x08008e56       0x3e ./Drivers/STM32H7xx_HAL_Driver/Src/stm32h7xx_ll_sdmmc.o
                0x08008e56                SDMMC_CmdSendCID
 .text.SDMMC_CmdSendCSD
                0x08008e94       0x40 ./Drivers/STM32H7xx_HAL_Driver/Src/stm32h7xx_ll_sdmmc.o
                0x08008e94                SDMMC_CmdSendCSD
 .text.SDMMC_CmdSetRelAdd
                0x08008ed4       0x44 ./Drivers/STM32H7xx_HAL_Driver/Src/stm32h7xx_ll_sdmmc.o
                0x08008ed4                SDMMC_CmdSetRelAdd
 .text.SDMMC_CmdSendStatus
                0x08008f18       0x46 ./Drivers/STM32H7xx_HAL_Driver/Src/stm32h7xx_ll_sdmmc.o
                0x08008f18                SDMMC_CmdSendStatus
 .text.SDMMC_CmdStatusRegister
                0x08008f5e       0x44 ./Drivers/STM32H7xx_HAL_Driver/Src/stm32h7xx_ll_sdmmc.o
                0x08008f5e                SDMMC_CmdStatusRegister
 *fill*         0x08008fa2        0x2 
 .text.SDMMC_GetCmdResp1
                0x08008fa4      0x1e4 ./Drivers/STM32H7xx_HAL_Driver/Src/stm32h7xx_ll_sdmmc.o
                0x08008fa4                SDMMC_GetCmdResp1
 .text.SDMMC_GetCmdResp2
                0x08009188       0x94 ./Drivers/STM32H7xx_HAL_Driver/Src/stm32h7xx_ll_sdmmc.o
                0x08009188                SDMMC_GetCmdResp2
 .text.SDMMC_GetCmdResp3
                0x0800921c       0x80 ./Drivers/STM32H7xx_HAL_Driver/Src/stm32h7xx_ll_sdmmc.o
                0x0800921c                SDMMC_GetCmdResp3
 .text.SDMMC_GetCmdResp6
                0x0800929c       0xf0 ./Drivers/STM32H7xx_HAL_Driver/Src/stm32h7xx_ll_sdmmc.o
                0x0800929c                SDMMC_GetCmdResp6
 .text.SDMMC_GetCmdResp7
                0x0800938c       0x9c ./Drivers/STM32H7xx_HAL_Driver/Src/stm32h7xx_ll_sdmmc.o
                0x0800938c                SDMMC_GetCmdResp7
 .text.SDMMC_GetCmdError
                0x08009428       0x5c ./Drivers/STM32H7xx_HAL_Driver/Src/stm32h7xx_ll_sdmmc.o
 .text.USB_CoreInit
                0x08009484       0xe4 ./Drivers/STM32H7xx_HAL_Driver/Src/stm32h7xx_ll_usb.o
                0x08009484                USB_CoreInit
 .text.USB_DisableGlobalInt
                0x08009568       0x22 ./Drivers/STM32H7xx_HAL_Driver/Src/stm32h7xx_ll_usb.o
                0x08009568                USB_DisableGlobalInt
 .text.USB_SetCurrentMode
                0x0800958a       0x98 ./Drivers/STM32H7xx_HAL_Driver/Src/stm32h7xx_ll_usb.o
                0x0800958a                USB_SetCurrentMode
 *fill*         0x08009622        0x2 
 .text.USB_DevInit
                0x08009624      0x2bc ./Drivers/STM32H7xx_HAL_Driver/Src/stm32h7xx_ll_usb.o
                0x08009624                USB_DevInit
 .text.USB_FlushTxFifo
                0x080098e0       0x64 ./Drivers/STM32H7xx_HAL_Driver/Src/stm32h7xx_ll_usb.o
                0x080098e0                USB_FlushTxFifo
 .text.USB_FlushRxFifo
                0x08009944       0x5c ./Drivers/STM32H7xx_HAL_Driver/Src/stm32h7xx_ll_usb.o
                0x08009944                USB_FlushRxFifo
 .text.USB_SetDevSpeed
                0x080099a0       0x32 ./Drivers/STM32H7xx_HAL_Driver/Src/stm32h7xx_ll_usb.o
                0x080099a0                USB_SetDevSpeed
 .text.USB_DevDisconnect
                0x080099d2       0x42 ./Drivers/STM32H7xx_HAL_Driver/Src/stm32h7xx_ll_usb.o
                0x080099d2                USB_DevDisconnect
 .text.USB_GetMode
                0x08009a14       0x1c ./Drivers/STM32H7xx_HAL_Driver/Src/stm32h7xx_ll_usb.o
                0x08009a14                USB_GetMode
 .text.USB_CoreReset
                0x08009a30       0x62 ./Drivers/STM32H7xx_HAL_Driver/Src/stm32h7xx_ll_usb.o
 *fill*         0x08009a92        0x2 
 .text.MX_FATFS_Init
                0x08009a94       0x24 ./FATFS/App/fatfs.o
                0x08009a94                MX_FATFS_Init
 .text.BSP_SD_Init
                0x08009ab8       0x4c ./FATFS/Target/bsp_driver_sd.o
                0x08009ab8                BSP_SD_Init
 .text.BSP_SD_ReadBlocks_DMA
                0x08009b04       0x34 ./FATFS/Target/bsp_driver_sd.o
                0x08009b04                BSP_SD_ReadBlocks_DMA
 .text.BSP_SD_WriteBlocks_DMA
                0x08009b38       0x34 ./FATFS/Target/bsp_driver_sd.o
                0x08009b38                BSP_SD_WriteBlocks_DMA
 .text.BSP_SD_GetCardState
                0x08009b6c       0x20 ./FATFS/Target/bsp_driver_sd.o
                0x08009b6c                BSP_SD_GetCardState
 .text.BSP_SD_GetCardInfo
                0x08009b8c       0x1c ./FATFS/Target/bsp_driver_sd.o
                0x08009b8c                BSP_SD_GetCardInfo
 .text.HAL_SD_TxCpltCallback
                0x08009ba8       0x14 ./FATFS/Target/bsp_driver_sd.o
                0x08009ba8                HAL_SD_TxCpltCallback
 .text.HAL_SD_RxCpltCallback
                0x08009bbc       0x14 ./FATFS/Target/bsp_driver_sd.o
                0x08009bbc                HAL_SD_RxCpltCallback
 .text.BSP_SD_IsDetected
                0x08009bd0       0x24 ./FATFS/Target/bsp_driver_sd.o
                0x08009bd0                BSP_SD_IsDetected
 .text.BSP_PlatformIsDetected
                0x08009bf4       0x2c ./FATFS/Target/fatfs_platform.o
                0x08009bf4                BSP_PlatformIsDetected
 .text.SD_CheckStatusWithTimeout
                0x08009c20       0x3a ./FATFS/Target/sd_diskio.o
 *fill*         0x08009c5a        0x2 
 .text.SD_CheckStatus
                0x08009c5c       0x3c ./FATFS/Target/sd_diskio.o
 .text.SD_initialize
                0x08009c98       0x84 ./FATFS/Target/sd_diskio.o
                0x08009c98                SD_initialize
 .text.SD_status
                0x08009d1c       0x1c ./FATFS/Target/sd_diskio.o
                0x08009d1c                SD_status
 .text.SD_read  0x08009d38       0x94 ./FATFS/Target/sd_diskio.o
                0x08009d38                SD_read
 .text.SD_write
                0x08009dcc       0x90 ./FATFS/Target/sd_diskio.o
                0x08009dcc                SD_write
 .text.SD_ioctl
                0x08009e5c       0xb0 ./FATFS/Target/sd_diskio.o
                0x08009e5c                SD_ioctl
 .text.BSP_SD_WriteCpltCallback
                0x08009f0c       0x24 ./FATFS/Target/sd_diskio.o
                0x08009f0c                BSP_SD_WriteCpltCallback
 .text.BSP_SD_ReadCpltCallback
                0x08009f30       0x24 ./FATFS/Target/sd_diskio.o
                0x08009f30                BSP_SD_ReadCpltCallback
 .text.FATFS_LinkDriverEx
                0x08009f54       0x98 ./Middlewares/Third_Party/FatFs/src/ff_gen_drv.o
                0x08009f54                FATFS_LinkDriverEx
 .text.FATFS_LinkDriver
                0x08009fec       0x1e ./Middlewares/Third_Party/FatFs/src/ff_gen_drv.o
                0x08009fec                FATFS_LinkDriver
 *fill*         0x0800a00a        0x2 
 .text.__NVIC_SetPriority
                0x0800a00c       0x54 ./Middlewares/Third_Party/FreeRTOS/Source/CMSIS_RTOS_V2/cmsis_os2.o
 .text.SVC_Setup
                0x0800a060       0x12 ./Middlewares/Third_Party/FreeRTOS/Source/CMSIS_RTOS_V2/cmsis_os2.o
 *fill*         0x0800a072        0x2 
 .text.osKernelInitialize
                0x0800a074       0x48 ./Middlewares/Third_Party/FreeRTOS/Source/CMSIS_RTOS_V2/cmsis_os2.o
                0x0800a074                osKernelInitialize
 .text.osKernelGetState
                0x0800a0bc       0x44 ./Middlewares/Third_Party/FreeRTOS/Source/CMSIS_RTOS_V2/cmsis_os2.o
                0x0800a0bc                osKernelGetState
 .text.osKernelStart
                0x0800a100       0x4c ./Middlewares/Third_Party/FreeRTOS/Source/CMSIS_RTOS_V2/cmsis_os2.o
                0x0800a100                osKernelStart
 .text.osKernelGetTickCount
                0x0800a14c       0x2a ./Middlewares/Third_Party/FreeRTOS/Source/CMSIS_RTOS_V2/cmsis_os2.o
                0x0800a14c                osKernelGetTickCount
 .text.osThreadNew
                0x0800a176      0x124 ./Middlewares/Third_Party/FreeRTOS/Source/CMSIS_RTOS_V2/cmsis_os2.o
                0x0800a176                osThreadNew
 .text.osDelay  0x0800a29a       0x36 ./Middlewares/Third_Party/FreeRTOS/Source/CMSIS_RTOS_V2/cmsis_os2.o
                0x0800a29a                osDelay
 .text.osMessageQueueNew
                0x0800a2d0       0xe6 ./Middlewares/Third_Party/FreeRTOS/Source/CMSIS_RTOS_V2/cmsis_os2.o
                0x0800a2d0                osMessageQueueNew
 *fill*         0x0800a3b6        0x2 
 .text.osMessageQueuePut
                0x0800a3b8       0xc0 ./Middlewares/Third_Party/FreeRTOS/Source/CMSIS_RTOS_V2/cmsis_os2.o
                0x0800a3b8                osMessageQueuePut
 .text.osMessageQueueGet
                0x0800a478       0xbc ./Middlewares/Third_Party/FreeRTOS/Source/CMSIS_RTOS_V2/cmsis_os2.o
                0x0800a478                osMessageQueueGet
 .text.vApplicationGetIdleTaskMemory
                0x0800a534       0x34 ./Middlewares/Third_Party/FreeRTOS/Source/CMSIS_RTOS_V2/cmsis_os2.o
                0x0800a534                vApplicationGetIdleTaskMemory
 .text.vApplicationGetTimerTaskMemory
                0x0800a568       0x34 ./Middlewares/Third_Party/FreeRTOS/Source/CMSIS_RTOS_V2/cmsis_os2.o
                0x0800a568                vApplicationGetTimerTaskMemory
 .text.vListInitialise
                0x0800a59c       0x40 ./Middlewares/Third_Party/FreeRTOS/Source/list.o
                0x0800a59c                vListInitialise
 .text.vListInitialiseItem
                0x0800a5dc       0x1a ./Middlewares/Third_Party/FreeRTOS/Source/list.o
                0x0800a5dc                vListInitialiseItem
 .text.vListInsertEnd
                0x0800a5f6       0x48 ./Middlewares/Third_Party/FreeRTOS/Source/list.o
                0x0800a5f6                vListInsertEnd
 .text.vListInsert
                0x0800a63e       0x72 ./Middlewares/Third_Party/FreeRTOS/Source/list.o
                0x0800a63e                vListInsert
 .text.uxListRemove
                0x0800a6b0       0x54 ./Middlewares/Third_Party/FreeRTOS/Source/list.o
                0x0800a6b0                uxListRemove
 .text.xQueueGenericReset
                0x0800a704       0xd4 ./Middlewares/Third_Party/FreeRTOS/Source/queue.o
                0x0800a704                xQueueGenericReset
 .text.xQueueGenericCreateStatic
                0x0800a7d8       0xfa ./Middlewares/Third_Party/FreeRTOS/Source/queue.o
                0x0800a7d8                xQueueGenericCreateStatic
 .text.xQueueGenericCreate
                0x0800a8d2       0x76 ./Middlewares/Third_Party/FreeRTOS/Source/queue.o
                0x0800a8d2                xQueueGenericCreate
 .text.prvInitialiseNewQueue
                0x0800a948       0x46 ./Middlewares/Third_Party/FreeRTOS/Source/queue.o
 *fill*         0x0800a98e        0x2 
 .text.xQueueGenericSend
                0x0800a990      0x204 ./Middlewares/Third_Party/FreeRTOS/Source/queue.o
                0x0800a990                xQueueGenericSend
 .text.xQueueGenericSendFromISR
                0x0800ab94      0x13c ./Middlewares/Third_Party/FreeRTOS/Source/queue.o
                0x0800ab94                xQueueGenericSendFromISR
 .text.xQueueReceive
                0x0800acd0      0x1c4 ./Middlewares/Third_Party/FreeRTOS/Source/queue.o
                0x0800acd0                xQueueReceive
 .text.xQueueReceiveFromISR
                0x0800ae94      0x104 ./Middlewares/Third_Party/FreeRTOS/Source/queue.o
                0x0800ae94                xQueueReceiveFromISR
 .text.prvCopyDataToQueue
                0x0800af98       0xd4 ./Middlewares/Third_Party/FreeRTOS/Source/queue.o
 .text.prvCopyDataFromQueue
                0x0800b06c       0x4c ./Middlewares/Third_Party/FreeRTOS/Source/queue.o
 .text.prvUnlockQueue
                0x0800b0b8       0xa4 ./Middlewares/Third_Party/FreeRTOS/Source/queue.o
 .text.prvIsQueueEmpty
                0x0800b15c       0x2c ./Middlewares/Third_Party/FreeRTOS/Source/queue.o
 .text.prvIsQueueFull
                0x0800b188       0x30 ./Middlewares/Third_Party/FreeRTOS/Source/queue.o
 .text.vQueueAddToRegistry
                0x0800b1b8       0x54 ./Middlewares/Third_Party/FreeRTOS/Source/queue.o
                0x0800b1b8                vQueueAddToRegistry
 .text.vQueueWaitForMessageRestricted
                0x0800b20c       0x68 ./Middlewares/Third_Party/FreeRTOS/Source/queue.o
                0x0800b20c                vQueueWaitForMessageRestricted
 .text.xTaskCreateStatic
                0x0800b274       0xc0 ./Middlewares/Third_Party/FreeRTOS/Source/tasks.o
                0x0800b274                xTaskCreateStatic
 .text.xTaskCreate
                0x0800b334       0x8a ./Middlewares/Third_Party/FreeRTOS/Source/tasks.o
                0x0800b334                xTaskCreate
 .text.prvInitialiseNewTask
                0x0800b3be      0x120 ./Middlewares/Third_Party/FreeRTOS/Source/tasks.o
 *fill*         0x0800b4de        0x2 
 .text.prvAddNewTaskToReadyList
                0x0800b4e0       0xe0 ./Middlewares/Third_Party/FreeRTOS/Source/tasks.o
 .text.vTaskDelay
                0x0800b5c0       0x6c ./Middlewares/Third_Party/FreeRTOS/Source/tasks.o
                0x0800b5c0                vTaskDelay
 .text.vTaskStartScheduler
                0x0800b62c       0xd0 ./Middlewares/Third_Party/FreeRTOS/Source/tasks.o
                0x0800b62c                vTaskStartScheduler
 .text.vTaskSuspendAll
                0x0800b6fc       0x1c ./Middlewares/Third_Party/FreeRTOS/Source/tasks.o
                0x0800b6fc                vTaskSuspendAll
 .text.xTaskResumeAll
                0x0800b718      0x13c ./Middlewares/Third_Party/FreeRTOS/Source/tasks.o
                0x0800b718                xTaskResumeAll
 .text.xTaskGetTickCount
                0x0800b854       0x20 ./Middlewares/Third_Party/FreeRTOS/Source/tasks.o
                0x0800b854                xTaskGetTickCount
 .text.xTaskGetTickCountFromISR
                0x0800b874       0x24 ./Middlewares/Third_Party/FreeRTOS/Source/tasks.o
                0x0800b874                xTaskGetTickCountFromISR
 .text.xTaskIncrementTick
                0x0800b898      0x174 ./Middlewares/Third_Party/FreeRTOS/Source/tasks.o
                0x0800b898                xTaskIncrementTick
 .text.vTaskSwitchContext
                0x0800ba0c       0xbc ./Middlewares/Third_Party/FreeRTOS/Source/tasks.o
                0x0800ba0c                vTaskSwitchContext
 .text.vTaskPlaceOnEventList
                0x0800bac8       0x4c ./Middlewares/Third_Party/FreeRTOS/Source/tasks.o
                0x0800bac8                vTaskPlaceOnEventList
 .text.vTaskPlaceOnEventListRestricted
                0x0800bb14       0x58 ./Middlewares/Third_Party/FreeRTOS/Source/tasks.o
                0x0800bb14                vTaskPlaceOnEventListRestricted
 .text.xTaskRemoveFromEventList
                0x0800bb6c       0xc8 ./Middlewares/Third_Party/FreeRTOS/Source/tasks.o
                0x0800bb6c                xTaskRemoveFromEventList
 .text.vTaskInternalSetTimeOutState
                0x0800bc34       0x2c ./Middlewares/Third_Party/FreeRTOS/Source/tasks.o
                0x0800bc34                vTaskInternalSetTimeOutState
 .text.xTaskCheckForTimeOut
                0x0800bc60       0xc8 ./Middlewares/Third_Party/FreeRTOS/Source/tasks.o
                0x0800bc60                xTaskCheckForTimeOut
 .text.vTaskMissedYield
                0x0800bd28       0x18 ./Middlewares/Third_Party/FreeRTOS/Source/tasks.o
                0x0800bd28                vTaskMissedYield
 .text.prvIdleTask
                0x0800bd40       0x30 ./Middlewares/Third_Party/FreeRTOS/Source/tasks.o
 .text.prvInitialiseTaskLists
                0x0800bd70       0x80 ./Middlewares/Third_Party/FreeRTOS/Source/tasks.o
 .text.prvCheckTasksWaitingTermination
                0x0800bdf0       0x5c ./Middlewares/Third_Party/FreeRTOS/Source/tasks.o
 .text.prvDeleteTCB
                0x0800be4c       0x60 ./Middlewares/Third_Party/FreeRTOS/Source/tasks.o
 .text.prvResetNextTaskUnblockTime
                0x0800beac       0x40 ./Middlewares/Third_Party/FreeRTOS/Source/tasks.o
 .text.xTaskGetSchedulerState
                0x0800beec       0x3c ./Middlewares/Third_Party/FreeRTOS/Source/tasks.o
                0x0800beec                xTaskGetSchedulerState
 .text.xTaskPriorityDisinherit
                0x0800bf28       0xe0 ./Middlewares/Third_Party/FreeRTOS/Source/tasks.o
                0x0800bf28                xTaskPriorityDisinherit
 .text.ulTaskNotifyTake
                0x0800c008       0x90 ./Middlewares/Third_Party/FreeRTOS/Source/tasks.o
                0x0800c008                ulTaskNotifyTake
 .text.prvAddCurrentTaskToDelayedList
                0x0800c098       0xa8 ./Middlewares/Third_Party/FreeRTOS/Source/tasks.o
 .text.xTimerCreateTimerTask
                0x0800c140       0x94 ./Middlewares/Third_Party/FreeRTOS/Source/timers.o
                0x0800c140                xTimerCreateTimerTask
 .text.xTimerGenericCommand
                0x0800c1d4       0x9c ./Middlewares/Third_Party/FreeRTOS/Source/timers.o
                0x0800c1d4                xTimerGenericCommand
 .text.prvProcessExpiredTimer
                0x0800c270       0x9c ./Middlewares/Third_Party/FreeRTOS/Source/timers.o
 .text.prvTimerTask
                0x0800c30c       0x26 ./Middlewares/Third_Party/FreeRTOS/Source/timers.o
 *fill*         0x0800c332        0x2 
 .text.prvProcessTimerOrBlockTask
                0x0800c334       0x9c ./Middlewares/Third_Party/FreeRTOS/Source/timers.o
 .text.prvGetNextExpireTime
                0x0800c3d0       0x48 ./Middlewares/Third_Party/FreeRTOS/Source/timers.o
 .text.prvSampleTimeNow
                0x0800c418       0x40 ./Middlewares/Third_Party/FreeRTOS/Source/timers.o
 .text.prvInsertTimerInActiveList
                0x0800c458       0x84 ./Middlewares/Third_Party/FreeRTOS/Source/timers.o
 .text.prvProcessReceivedCommands
                0x0800c4dc      0x1cc ./Middlewares/Third_Party/FreeRTOS/Source/timers.o
 .text.prvSwitchTimerLists
                0x0800c6a8       0xcc ./Middlewares/Third_Party/FreeRTOS/Source/timers.o
 .text.prvCheckForValidListAndQueue
                0x0800c774       0x80 ./Middlewares/Third_Party/FreeRTOS/Source/timers.o
 .text.pxPortInitialiseStack
                0x0800c7f4       0x68 ./Middlewares/Third_Party/FreeRTOS/Source/portable/GCC/ARM_CM4F/port.o
                0x0800c7f4                pxPortInitialiseStack
 .text.prvTaskExitError
                0x0800c85c       0x5c ./Middlewares/Third_Party/FreeRTOS/Source/portable/GCC/ARM_CM4F/port.o
 *fill*         0x0800c8b8        0x8 
 .text.SVC_Handler
                0x0800c8c0       0x28 ./Middlewares/Third_Party/FreeRTOS/Source/portable/GCC/ARM_CM4F/port.o
                0x0800c8c0                SVC_Handler
 .text.prvPortStartFirstTask
                0x0800c8e8       0x28 ./Middlewares/Third_Party/FreeRTOS/Source/portable/GCC/ARM_CM4F/port.o
 .text.xPortStartScheduler
                0x0800c910      0x148 ./Middlewares/Third_Party/FreeRTOS/Source/portable/GCC/ARM_CM4F/port.o
                0x0800c910                xPortStartScheduler
 .text.vPortEnterCritical
                0x0800ca58       0x64 ./Middlewares/Third_Party/FreeRTOS/Source/portable/GCC/ARM_CM4F/port.o
                0x0800ca58                vPortEnterCritical
 .text.vPortExitCritical
                0x0800cabc       0x54 ./Middlewares/Third_Party/FreeRTOS/Source/portable/GCC/ARM_CM4F/port.o
                0x0800cabc                vPortExitCritical
 .text.PendSV_Handler
                0x0800cb10       0x68 ./Middlewares/Third_Party/FreeRTOS/Source/portable/GCC/ARM_CM4F/port.o
                0x0800cb10                PendSV_Handler
 .text.xPortSysTickHandler
                0x0800cb78       0x44 ./Middlewares/Third_Party/FreeRTOS/Source/portable/GCC/ARM_CM4F/port.o
                0x0800cb78                xPortSysTickHandler
 .text.vPortSetupTimerInterrupt
                0x0800cbbc       0x48 ./Middlewares/Third_Party/FreeRTOS/Source/portable/GCC/ARM_CM4F/port.o
                0x0800cbbc                vPortSetupTimerInterrupt
 .text.vPortEnableVFP
                0x0800cc04       0x14 ./Middlewares/Third_Party/FreeRTOS/Source/portable/GCC/ARM_CM4F/port.o
 .text.vPortValidateInterruptPriority
                0x0800cc18       0x84 ./Middlewares/Third_Party/FreeRTOS/Source/portable/GCC/ARM_CM4F/port.o
                0x0800cc18                vPortValidateInterruptPriority
 .text.pvPortMalloc
                0x0800cc9c      0x19c ./Middlewares/Third_Party/FreeRTOS/Source/portable/MemMang/heap_4.o
                0x0800cc9c                pvPortMalloc
 .text.vPortFree
                0x0800ce38       0xc8 ./Middlewares/Third_Party/FreeRTOS/Source/portable/MemMang/heap_4.o
                0x0800ce38                vPortFree
 .text.prvHeapInit
                0x0800cf00       0xc4 ./Middlewares/Third_Party/FreeRTOS/Source/portable/MemMang/heap_4.o
 .text.prvInsertBlockIntoFreeList
                0x0800cfc4       0xb4 ./Middlewares/Third_Party/FreeRTOS/Source/portable/MemMang/heap_4.o
 .text.memset   0x0800d078       0x10 C:/ST/STM32CubeIDE_1.17.0/STM32CubeIDE/plugins/com.st.stm32cube.ide.mcu.externaltools.gnu-tools-for-stm32.12.3.rel1.win32_1.1.0.202410251130/tools/bin/../lib/gcc/arm-none-eabi/12.3.1/../../../../arm-none-eabi/lib/thumb/v7e-m+dp/hard\libc_nano.a(libc_a-memset.o)
                0x0800d078                memset
 .text.__libc_init_array
                0x0800d088       0x48 C:/ST/STM32CubeIDE_1.17.0/STM32CubeIDE/plugins/com.st.stm32cube.ide.mcu.externaltools.gnu-tools-for-stm32.12.3.rel1.win32_1.1.0.202410251130/tools/bin/../lib/gcc/arm-none-eabi/12.3.1/../../../../arm-none-eabi/lib/thumb/v7e-m+dp/hard\libc_nano.a(libc_a-init.o)
                0x0800d088                __libc_init_array
 .text.memcpy   0x0800d0d0       0x1c C:/ST/STM32CubeIDE_1.17.0/STM32CubeIDE/plugins/com.st.stm32cube.ide.mcu.externaltools.gnu-tools-for-stm32.12.3.rel1.win32_1.1.0.202410251130/tools/bin/../lib/gcc/arm-none-eabi/12.3.1/../../../../arm-none-eabi/lib/thumb/v7e-m+dp/hard\libc_nano.a(libc_a-memcpy-stub.o)
                0x0800d0d0                memcpy
 *(.glue_7)
 .glue_7        0x0800d0ec        0x0 linker stubs
 *(.glue_7t)
 .glue_7t       0x0800d0ec        0x0 linker stubs
 *(.eh_frame)
 .eh_frame      0x0800d0ec        0x0 C:/ST/STM32CubeIDE_1.17.0/STM32CubeIDE/plugins/com.st.stm32cube.ide.mcu.externaltools.gnu-tools-for-stm32.12.3.rel1.win32_1.1.0.202410251130/tools/bin/../lib/gcc/arm-none-eabi/12.3.1/thumb/v7e-m+dp/hard/crtbegin.o
 *(.init)
 .init          0x0800d0ec        0x4 C:/ST/STM32CubeIDE_1.17.0/STM32CubeIDE/plugins/com.st.stm32cube.ide.mcu.externaltools.gnu-tools-for-stm32.12.3.rel1.win32_1.1.0.202410251130/tools/bin/../lib/gcc/arm-none-eabi/12.3.1/thumb/v7e-m+dp/hard/crti.o
                0x0800d0ec                _init
 .init          0x0800d0f0        0x8 C:/ST/STM32CubeIDE_1.17.0/STM32CubeIDE/plugins/com.st.stm32cube.ide.mcu.externaltools.gnu-tools-for-stm32.12.3.rel1.win32_1.1.0.202410251130/tools/bin/../lib/gcc/arm-none-eabi/12.3.1/thumb/v7e-m+dp/hard/crtn.o
 *(.fini)
 .fini          0x0800d0f8        0x4 C:/ST/STM32CubeIDE_1.17.0/STM32CubeIDE/plugins/com.st.stm32cube.ide.mcu.externaltools.gnu-tools-for-stm32.12.3.rel1.win32_1.1.0.202410251130/tools/bin/../lib/gcc/arm-none-eabi/12.3.1/thumb/v7e-m+dp/hard/crti.o
                0x0800d0f8                _fini
 .fini          0x0800d0fc        0x8 C:/ST/STM32CubeIDE_1.17.0/STM32CubeIDE/plugins/com.st.stm32cube.ide.mcu.externaltools.gnu-tools-for-stm32.12.3.rel1.win32_1.1.0.202410251130/tools/bin/../lib/gcc/arm-none-eabi/12.3.1/thumb/v7e-m+dp/hard/crtn.o
                0x0800d104                        . = ALIGN (0x4)
                0x0800d104                        _etext = .

.vfp11_veneer   0x0800d104        0x0
 .vfp11_veneer  0x0800d104        0x0 linker stubs

.v4_bx          0x0800d104        0x0
 .v4_bx         0x0800d104        0x0 linker stubs

.iplt           0x0800d104        0x0
 .iplt          0x0800d104        0x0 C:/ST/STM32CubeIDE_1.17.0/STM32CubeIDE/plugins/com.st.stm32cube.ide.mcu.externaltools.gnu-tools-for-stm32.12.3.rel1.win32_1.1.0.202410251130/tools/bin/../lib/gcc/arm-none-eabi/12.3.1/thumb/v7e-m+dp/hard/crtbegin.o

.rodata         0x0800d104       0xbc
                0x0800d104                        . = ALIGN (0x4)
 *(.rodata)
 .rodata        0x0800d104       0x32 ./Core/Src/main.o
 *fill*         0x0800d136        0x2 
 .rodata        0x0800d138        0x5 ./Middlewares/Third_Party/FreeRTOS/Source/tasks.o
 *fill*         0x0800d13d        0x3 
 .rodata        0x0800d140        0xd ./Middlewares/Third_Party/FreeRTOS/Source/timers.o
 *(.rodata*)
 *fill*         0x0800d14d        0x3 
 .rodata.defaultTask_attributes
                0x0800d150       0x24 ./Core/Src/main.o
                0x0800d150                defaultTask_attributes
 .rodata.D1CorePrescTable
                0x0800d174       0x10 ./Core/Src/system_stm32h7xx.o
                0x0800d174                D1CorePrescTable
 .rodata.UARTPrescTable
                0x0800d184       0x18 ./Drivers/STM32H7xx_HAL_Driver/Src/stm32h7xx_hal_uart.o
                0x0800d184                UARTPrescTable
 .rodata.numerator.1
                0x0800d19c        0x8 ./Drivers/STM32H7xx_HAL_Driver/Src/stm32h7xx_hal_uart_ex.o
 .rodata.denominator.0
                0x0800d1a4        0x8 ./Drivers/STM32H7xx_HAL_Driver/Src/stm32h7xx_hal_uart_ex.o
 .rodata.SD_Driver
                0x0800d1ac       0x14 ./FATFS/Target/sd_diskio.o
                0x0800d1ac                SD_Driver
                0x0800d1c0                        . = ALIGN (0x4)

.ARM.extab
 *(.ARM.extab* .gnu.linkonce.armextab.*)

.ARM            0x0800d1c0        0x8
                0x0800d1c0                        __exidx_start = .
 *(.ARM.exidx*)
 .ARM.exidx     0x0800d1c0        0x8 C:/ST/STM32CubeIDE_1.17.0/STM32CubeIDE/plugins/com.st.stm32cube.ide.mcu.externaltools.gnu-tools-for-stm32.12.3.rel1.win32_1.1.0.202410251130/tools/bin/../lib/gcc/arm-none-eabi/12.3.1/thumb/v7e-m+dp/hard\libgcc.a(_udivmoddi4.o)
                0x0800d1c8                        __exidx_end = .

.preinit_array  0x0800d1c8        0x0
                0x0800d1c8                        PROVIDE (__preinit_array_start = .)
 *(.preinit_array*)
                0x0800d1c8                        PROVIDE (__preinit_array_end = .)

.init_array     0x0800d1c8        0x4
                0x0800d1c8                        PROVIDE (__init_array_start = .)
 *(SORT_BY_NAME(.init_array.*))
 *(.init_array*)
 .init_array    0x0800d1c8        0x4 C:/ST/STM32CubeIDE_1.17.0/STM32CubeIDE/plugins/com.st.stm32cube.ide.mcu.externaltools.gnu-tools-for-stm32.12.3.rel1.win32_1.1.0.202410251130/tools/bin/../lib/gcc/arm-none-eabi/12.3.1/thumb/v7e-m+dp/hard/crtbegin.o
                0x0800d1cc                        PROVIDE (__init_array_end = .)

.fini_array     0x0800d1cc        0x4
                [!provide]                        PROVIDE (__fini_array_start = .)
 *(SORT_BY_NAME(.fini_array.*))
 *(.fini_array*)
 .fini_array    0x0800d1cc        0x4 C:/ST/STM32CubeIDE_1.17.0/STM32CubeIDE/plugins/com.st.stm32cube.ide.mcu.externaltools.gnu-tools-for-stm32.12.3.rel1.win32_1.1.0.202410251130/tools/bin/../lib/gcc/arm-none-eabi/12.3.1/thumb/v7e-m+dp/hard/crtbegin.o
                [!provide]                        PROVIDE (__fini_array_end = .)
                0x0800d1d0                        _sidata = LOADADDR (.data)

.rel.dyn        0x0800d1d0        0x0
 .rel.iplt      0x0800d1d0        0x0 C:/ST/STM32CubeIDE_1.17.0/STM32CubeIDE/plugins/com.st.stm32cube.ide.mcu.externaltools.gnu-tools-for-stm32.12.3.rel1.win32_1.1.0.202410251130/tools/bin/../lib/gcc/arm-none-eabi/12.3.1/thumb/v7e-m+dp/hard/crtbegin.o

.data           0x24000000       0x14 load address 0x0800d1d0
                0x24000000                        . = ALIGN (0x4)
                0x24000000                        _sdata = .
 *(.data)
 *(.data*)
 .data.SystemCoreClock
                0x24000000        0x4 ./Core/Src/system_stm32h7xx.o
                0x24000000                SystemCoreClock
 .data.SystemD2Clock
                0x24000004        0x4 ./Core/Src/system_stm32h7xx.o
                0x24000004                SystemD2Clock
 .data.uwTickPrio
                0x24000008        0x4 ./Drivers/STM32H7xx_HAL_Driver/Src/stm32h7xx_hal.o
                0x24000008                uwTickPrio
 .data.uwTickFreq
                0x2400000c        0x1 ./Drivers/STM32H7xx_HAL_Driver/Src/stm32h7xx_hal.o
                0x2400000c                uwTickFreq
 .data.Stat     0x2400000d        0x1 ./FATFS/Target/sd_diskio.o
 *fill*         0x2400000e        0x2 
 .data.uxCriticalNesting
                0x24000010        0x4 ./Middlewares/Third_Party/FreeRTOS/Source/portable/GCC/ARM_CM4F/port.o
 *(.RamFunc)
 *(.RamFunc*)
                0x24000014                        . = ALIGN (0x4)
                0x24000014                        _edata = .

.igot.plt       0x24000014        0x0 load address 0x0800d1e4
 .igot.plt      0x24000014        0x0 C:/ST/STM32CubeIDE_1.17.0/STM32CubeIDE/plugins/com.st.stm32cube.ide.mcu.externaltools.gnu-tools-for-stm32.12.3.rel1.win32_1.1.0.202410251130/tools/bin/../lib/gcc/arm-none-eabi/12.3.1/thumb/v7e-m+dp/hard/crtbegin.o

.RxDecripSection
                0x24000014       0x60 load address 0x0800d1e4
 .RxDecripSection
                0x24000014       0x60 ./Core/Src/main.o
                0x24000014                DMARxDscrTab

.TxDecripSection
                0x24000074       0x60 load address 0x0800d244
 .TxDecripSection
                0x24000074       0x60 ./Core/Src/main.o
                0x24000074                DMATxDscrTab
                0x240000d4                        . = ALIGN (0x4)

.bss            0x240000d4     0x5070 load address 0x0800d2a4
                0x240000d4                        _sbss = .
                0x240000d4                        __bss_start__ = _sbss
 *(.bss)
 .bss           0x240000d4       0x1c C:/ST/STM32CubeIDE_1.17.0/STM32CubeIDE/plugins/com.st.stm32cube.ide.mcu.externaltools.gnu-tools-for-stm32.12.3.rel1.win32_1.1.0.202410251130/tools/bin/../lib/gcc/arm-none-eabi/12.3.1/thumb/v7e-m+dp/hard/crtbegin.o
 *(.bss*)
 .bss.TxConfig  0x240000f0       0x38 ./Core/Src/main.o
                0x240000f0                TxConfig
 .bss.heth      0x24000128       0xb0 ./Core/Src/main.o
                0x24000128                heth
 .bss.hsd1      0x240001d8       0x7c ./Core/Src/main.o
                0x240001d8                hsd1
 .bss.huart3    0x24000254       0x94 ./Core/Src/main.o
                0x24000254                huart3
 .bss.hpcd_USB_OTG_FS
                0x240002e8      0x4e4 ./Core/Src/main.o
                0x240002e8                hpcd_USB_OTG_FS
 .bss.defaultTaskHandle
                0x240007cc        0x4 ./Core/Src/main.o
                0x240007cc                defaultTaskHandle
 .bss.MACAddr.0
                0x240007d0        0x6 ./Core/Src/main.o
 *fill*         0x240007d6        0x2 
 .bss.uwTick    0x240007d8        0x4 ./Drivers/STM32H7xx_HAL_Driver/Src/stm32h7xx_hal.o
                0x240007d8                uwTick
 .bss.retSD     0x240007dc        0x1 ./FATFS/App/fatfs.o
                0x240007dc                retSD
 *fill*         0x240007dd        0x3 
 .bss.SDPath    0x240007e0        0x4 ./FATFS/App/fatfs.o
                0x240007e0                SDPath
 .bss.SDQueueID
                0x240007e4        0x4 ./FATFS/Target/sd_diskio.o
 .bss.disk      0x240007e8        0xc ./Middlewares/Third_Party/FatFs/src/ff_gen_drv.o
                0x240007e8                disk
 .bss.KernelState
                0x240007f4        0x4 ./Middlewares/Third_Party/FreeRTOS/Source/CMSIS_RTOS_V2/cmsis_os2.o
 .bss.Idle_TCB.3
                0x240007f8       0x5c ./Middlewares/Third_Party/FreeRTOS/Source/CMSIS_RTOS_V2/cmsis_os2.o
 .bss.Idle_Stack.2
                0x24000854      0x200 ./Middlewares/Third_Party/FreeRTOS/Source/CMSIS_RTOS_V2/cmsis_os2.o
 .bss.Timer_TCB.1
                0x24000a54       0x5c ./Middlewares/Third_Party/FreeRTOS/Source/CMSIS_RTOS_V2/cmsis_os2.o
 .bss.Timer_Stack.0
                0x24000ab0      0x400 ./Middlewares/Third_Party/FreeRTOS/Source/CMSIS_RTOS_V2/cmsis_os2.o
 .bss.xQueueRegistry
                0x24000eb0       0x40 ./Middlewares/Third_Party/FreeRTOS/Source/queue.o
                0x24000eb0                xQueueRegistry
 .bss.pxCurrentTCB
                0x24000ef0        0x4 ./Middlewares/Third_Party/FreeRTOS/Source/tasks.o
                0x24000ef0                pxCurrentTCB
 .bss.pxReadyTasksLists
                0x24000ef4      0x460 ./Middlewares/Third_Party/FreeRTOS/Source/tasks.o
 .bss.xDelayedTaskList1
                0x24001354       0x14 ./Middlewares/Third_Party/FreeRTOS/Source/tasks.o
 .bss.xDelayedTaskList2
                0x24001368       0x14 ./Middlewares/Third_Party/FreeRTOS/Source/tasks.o
 .bss.pxDelayedTaskList
                0x2400137c        0x4 ./Middlewares/Third_Party/FreeRTOS/Source/tasks.o
 .bss.pxOverflowDelayedTaskList
                0x24001380        0x4 ./Middlewares/Third_Party/FreeRTOS/Source/tasks.o
 .bss.xPendingReadyList
                0x24001384       0x14 ./Middlewares/Third_Party/FreeRTOS/Source/tasks.o
 .bss.xTasksWaitingTermination
                0x24001398       0x14 ./Middlewares/Third_Party/FreeRTOS/Source/tasks.o
 .bss.uxDeletedTasksWaitingCleanUp
                0x240013ac        0x4 ./Middlewares/Third_Party/FreeRTOS/Source/tasks.o
 .bss.xSuspendedTaskList
                0x240013b0       0x14 ./Middlewares/Third_Party/FreeRTOS/Source/tasks.o
 .bss.uxCurrentNumberOfTasks
                0x240013c4        0x4 ./Middlewares/Third_Party/FreeRTOS/Source/tasks.o
 .bss.xTickCount
                0x240013c8        0x4 ./Middlewares/Third_Party/FreeRTOS/Source/tasks.o
 .bss.uxTopReadyPriority
                0x240013cc        0x4 ./Middlewares/Third_Party/FreeRTOS/Source/tasks.o
 .bss.xSchedulerRunning
                0x240013d0        0x4 ./Middlewares/Third_Party/FreeRTOS/Source/tasks.o
 .bss.xPendedTicks
                0x240013d4        0x4 ./Middlewares/Third_Party/FreeRTOS/Source/tasks.o
 .bss.xYieldPending
                0x240013d8        0x4 ./Middlewares/Third_Party/FreeRTOS/Source/tasks.o
 .bss.xNumOfOverflows
                0x240013dc        0x4 ./Middlewares/Third_Party/FreeRTOS/Source/tasks.o
 .bss.uxTaskNumber
                0x240013e0        0x4 ./Middlewares/Third_Party/FreeRTOS/Source/tasks.o
 .bss.xNextTaskUnblockTime
                0x240013e4        0x4 ./Middlewares/Third_Party/FreeRTOS/Source/tasks.o
 .bss.xIdleTaskHandle
                0x240013e8        0x4 ./Middlewares/Third_Party/FreeRTOS/Source/tasks.o
 .bss.uxSchedulerSuspended
                0x240013ec        0x4 ./Middlewares/Third_Party/FreeRTOS/Source/tasks.o
 .bss.xActiveTimerList1
                0x240013f0       0x14 ./Middlewares/Third_Party/FreeRTOS/Source/timers.o
 .bss.xActiveTimerList2
                0x24001404       0x14 ./Middlewares/Third_Party/FreeRTOS/Source/timers.o
 .bss.pxCurrentTimerList
                0x24001418        0x4 ./Middlewares/Third_Party/FreeRTOS/Source/timers.o
 .bss.pxOverflowTimerList
                0x2400141c        0x4 ./Middlewares/Third_Party/FreeRTOS/Source/timers.o
 .bss.xTimerQueue
                0x24001420        0x4 ./Middlewares/Third_Party/FreeRTOS/Source/timers.o
 .bss.xTimerTaskHandle
                0x24001424        0x4 ./Middlewares/Third_Party/FreeRTOS/Source/timers.o
 .bss.xLastTime.2
                0x24001428        0x4 ./Middlewares/Third_Party/FreeRTOS/Source/timers.o
 .bss.ucStaticTimerQueueStorage.1
                0x2400142c       0xa0 ./Middlewares/Third_Party/FreeRTOS/Source/timers.o
 .bss.xStaticTimerQueue.0
                0x240014cc       0x50 ./Middlewares/Third_Party/FreeRTOS/Source/timers.o
 .bss.ucMaxSysCallPriority
                0x2400151c        0x1 ./Middlewares/Third_Party/FreeRTOS/Source/portable/GCC/ARM_CM4F/port.o
 *fill*         0x2400151d        0x3 
 .bss.ulMaxPRIGROUPValue
                0x24001520        0x4 ./Middlewares/Third_Party/FreeRTOS/Source/portable/GCC/ARM_CM4F/port.o
 .bss.ucHeap    0x24001524     0x3c00 ./Middlewares/Third_Party/FreeRTOS/Source/portable/MemMang/heap_4.o
 .bss.xStart    0x24005124        0x8 ./Middlewares/Third_Party/FreeRTOS/Source/portable/MemMang/heap_4.o
 .bss.pxEnd     0x2400512c        0x4 ./Middlewares/Third_Party/FreeRTOS/Source/portable/MemMang/heap_4.o
 .bss.xFreeBytesRemaining
                0x24005130        0x4 ./Middlewares/Third_Party/FreeRTOS/Source/portable/MemMang/heap_4.o
 .bss.xMinimumEverFreeBytesRemaining
                0x24005134        0x4 ./Middlewares/Third_Party/FreeRTOS/Source/portable/MemMang/heap_4.o
 .bss.xNumberOfSuccessfulAllocations
                0x24005138        0x4 ./Middlewares/Third_Party/FreeRTOS/Source/portable/MemMang/heap_4.o
 .bss.xNumberOfSuccessfulFrees
                0x2400513c        0x4 ./Middlewares/Third_Party/FreeRTOS/Source/portable/MemMang/heap_4.o
 .bss.xBlockAllocatedBit
                0x24005140        0x4 ./Middlewares/Third_Party/FreeRTOS/Source/portable/MemMang/heap_4.o
 *(COMMON)
                0x24005144                        . = ALIGN (0x4)
                0x24005144                        _ebss = .
                0x24005144                        __bss_end__ = _ebss

._user_heap_stack
                0x24005144      0xc04 load address 0x0800d2a4
                0x24005148                        . = ALIGN (0x8)
 *fill*         0x24005144        0x4 
                [!provide]                        PROVIDE (end = .)
                0x24005148                        PROVIDE (_end = .)
                0x24005548                        . = (. + _Min_Heap_Size)
 *fill*         0x24005148      0x400 
                0x24005d48                        . = (. + _Min_Stack_Size)
 *fill*         0x24005548      0x800 
                0x24005d48                        . = ALIGN (0x8)

/DISCARD/
 libc.a(*)
 libm.a(*)
 libgcc.a(*)

.ARM.attributes
                0x00000000       0x2e
 *(.ARM.attributes)
 .ARM.attributes
                0x00000000       0x20 C:/ST/STM32CubeIDE_1.17.0/STM32CubeIDE/plugins/com.st.stm32cube.ide.mcu.externaltools.gnu-tools-for-stm32.12.3.rel1.win32_1.1.0.202410251130/tools/bin/../lib/gcc/arm-none-eabi/12.3.1/thumb/v7e-m+dp/hard/crti.o
 .ARM.attributes
                0x00000020       0x32 C:/ST/STM32CubeIDE_1.17.0/STM32CubeIDE/plugins/com.st.stm32cube.ide.mcu.externaltools.gnu-tools-for-stm32.12.3.rel1.win32_1.1.0.202410251130/tools/bin/../lib/gcc/arm-none-eabi/12.3.1/thumb/v7e-m+dp/hard/crtbegin.o
 .ARM.attributes
                0x00000052       0x32 ./Core/Src/main.o
 .ARM.attributes
                0x00000084       0x32 ./Core/Src/obc.o
 .ARM.attributes
                0x000000b6       0x32 ./Core/Src/stm32h7xx_hal_msp.o
 .ARM.attributes
                0x000000e8       0x32 ./Core/Src/stm32h7xx_it.o
 .ARM.attributes
                0x0000011a       0x32 ./Core/Src/system_stm32h7xx.o
 .ARM.attributes
                0x0000014c       0x32 ./Core/Src/ttc.o
 .ARM.attributes
                0x0000017e       0x21 ./Core/Startup/startup_stm32h743zitx.o
 .ARM.attributes
                0x0000019f       0x32 ./Drivers/STM32H7xx_HAL_Driver/Src/stm32h7xx_hal.o
 .ARM.attributes
                0x000001d1       0x32 ./Drivers/STM32H7xx_HAL_Driver/Src/stm32h7xx_hal_cortex.o
 .ARM.attributes
                0x00000203       0x32 ./Drivers/STM32H7xx_HAL_Driver/Src/stm32h7xx_hal_eth.o
 .ARM.attributes
                0x00000235       0x32 ./Drivers/STM32H7xx_HAL_Driver/Src/stm32h7xx_hal_gpio.o
 .ARM.attributes
                0x00000267       0x32 ./Drivers/STM32H7xx_HAL_Driver/Src/stm32h7xx_hal_pcd.o
 .ARM.attributes
                0x00000299       0x32 ./Drivers/STM32H7xx_HAL_Driver/Src/stm32h7xx_hal_pcd_ex.o
 .ARM.attributes
                0x000002cb       0x32 ./Drivers/STM32H7xx_HAL_Driver/Src/stm32h7xx_hal_pwr_ex.o
 .ARM.attributes
                0x000002fd       0x32 ./Drivers/STM32H7xx_HAL_Driver/Src/stm32h7xx_hal_rcc.o
 .ARM.attributes
                0x0000032f       0x32 ./Drivers/STM32H7xx_HAL_Driver/Src/stm32h7xx_hal_rcc_ex.o
 .ARM.attributes
                0x00000361       0x32 ./Drivers/STM32H7xx_HAL_Driver/Src/stm32h7xx_hal_sd.o
 .ARM.attributes
                0x00000393       0x32 ./Drivers/STM32H7xx_HAL_Driver/Src/stm32h7xx_hal_uart.o
 .ARM.attributes
                0x000003c5       0x32 ./Drivers/STM32H7xx_HAL_Driver/Src/stm32h7xx_hal_uart_ex.o
 .ARM.attributes
                0x000003f7       0x32 ./Drivers/STM32H7xx_HAL_Driver/Src/stm32h7xx_ll_sdmmc.o
 .ARM.attributes
                0x00000429       0x32 ./Drivers/STM32H7xx_HAL_Driver/Src/stm32h7xx_ll_usb.o
 .ARM.attributes
                0x0000045b       0x32 ./FATFS/App/fatfs.o
 .ARM.attributes
                0x0000048d       0x32 ./FATFS/Target/bsp_driver_sd.o
 .ARM.attributes
                0x000004bf       0x32 ./FATFS/Target/fatfs_platform.o
 .ARM.attributes
                0x000004f1       0x32 ./FATFS/Target/sd_diskio.o
 .ARM.attributes
                0x00000523       0x32 ./Middlewares/Third_Party/FatFs/src/ff_gen_drv.o
 .ARM.attributes
                0x00000555       0x32 ./Middlewares/Third_Party/FreeRTOS/Source/CMSIS_RTOS_V2/cmsis_os2.o
 .ARM.attributes
                0x00000587       0x32 ./Middlewares/Third_Party/FreeRTOS/Source/list.o
 .ARM.attributes
                0x000005b9       0x32 ./Middlewares/Third_Party/FreeRTOS/Source/queue.o
 .ARM.attributes
                0x000005eb       0x32 ./Middlewares/Third_Party/FreeRTOS/Source/tasks.o
 .ARM.attributes
                0x0000061d       0x32 ./Middlewares/Third_Party/FreeRTOS/Source/timers.o
 .ARM.attributes
                0x0000064f       0x32 ./Middlewares/Third_Party/FreeRTOS/Source/portable/GCC/ARM_CM4F/port.o
 .ARM.attributes
                0x00000681       0x32 ./Middlewares/Third_Party/FreeRTOS/Source/portable/MemMang/heap_4.o
 .ARM.attributes
                0x000006b3       0x32 C:/ST/STM32CubeIDE_1.17.0/STM32CubeIDE/plugins/com.st.stm32cube.ide.mcu.externaltools.gnu-tools-for-stm32.12.3.rel1.win32_1.1.0.202410251130/tools/bin/../lib/gcc/arm-none-eabi/12.3.1/../../../../arm-none-eabi/lib/thumb/v7e-m+dp/hard\libc_nano.a(libc_a-memset.o)
 .ARM.attributes
                0x000006e5       0x32 C:/ST/STM32CubeIDE_1.17.0/STM32CubeIDE/plugins/com.st.stm32cube.ide.mcu.externaltools.gnu-tools-for-stm32.12.3.rel1.win32_1.1.0.202410251130/tools/bin/../lib/gcc/arm-none-eabi/12.3.1/../../../../arm-none-eabi/lib/thumb/v7e-m+dp/hard\libc_nano.a(libc_a-init.o)
 .ARM.attributes
                0x00000717       0x32 C:/ST/STM32CubeIDE_1.17.0/STM32CubeIDE/plugins/com.st.stm32cube.ide.mcu.externaltools.gnu-tools-for-stm32.12.3.rel1.win32_1.1.0.202410251130/tools/bin/../lib/gcc/arm-none-eabi/12.3.1/../../../../arm-none-eabi/lib/thumb/v7e-m+dp/hard\libc_nano.a(libc_a-memcpy-stub.o)
 .ARM.attributes
                0x00000749       0x20 C:/ST/STM32CubeIDE_1.17.0/STM32CubeIDE/plugins/com.st.stm32cube.ide.mcu.externaltools.gnu-tools-for-stm32.12.3.rel1.win32_1.1.0.202410251130/tools/bin/../lib/gcc/arm-none-eabi/12.3.1/thumb/v7e-m+dp/hard\libgcc.a(_aeabi_uldivmod.o)
 .ARM.attributes
                0x00000769       0x32 C:/ST/STM32CubeIDE_1.17.0/STM32CubeIDE/plugins/com.st.stm32cube.ide.mcu.externaltools.gnu-tools-for-stm32.12.3.rel1.win32_1.1.0.202410251130/tools/bin/../lib/gcc/arm-none-eabi/12.3.1/thumb/v7e-m+dp/hard\libgcc.a(_udivmoddi4.o)
 .ARM.attributes
                0x0000079b       0x20 C:/ST/STM32CubeIDE_1.17.0/STM32CubeIDE/plugins/com.st.stm32cube.ide.mcu.externaltools.gnu-tools-for-stm32.12.3.rel1.win32_1.1.0.202410251130/tools/bin/../lib/gcc/arm-none-eabi/12.3.1/thumb/v7e-m+dp/hard\libgcc.a(_dvmd_tls.o)
 .ARM.attributes
                0x000007bb       0x20 C:/ST/STM32CubeIDE_1.17.0/STM32CubeIDE/plugins/com.st.stm32cube.ide.mcu.externaltools.gnu-tools-for-stm32.12.3.rel1.win32_1.1.0.202410251130/tools/bin/../lib/gcc/arm-none-eabi/12.3.1/thumb/v7e-m+dp/hard/crtn.o
OUTPUT(COMP_SLIP-OBC.elf elf32-littlearm)
LOAD linker stubs
LOAD C:/ST/STM32CubeIDE_1.17.0/STM32CubeIDE/plugins/com.st.stm32cube.ide.mcu.externaltools.gnu-tools-for-stm32.12.3.rel1.win32_1.1.0.202410251130/tools/bin/../lib/gcc/arm-none-eabi/12.3.1/../../../../arm-none-eabi/lib/thumb/v7e-m+dp/hard\libc.a
LOAD C:/ST/STM32CubeIDE_1.17.0/STM32CubeIDE/plugins/com.st.stm32cube.ide.mcu.externaltools.gnu-tools-for-stm32.12.3.rel1.win32_1.1.0.202410251130/tools/bin/../lib/gcc/arm-none-eabi/12.3.1/../../../../arm-none-eabi/lib/thumb/v7e-m+dp/hard\libm.a
LOAD C:/ST/STM32CubeIDE_1.17.0/STM32CubeIDE/plugins/com.st.stm32cube.ide.mcu.externaltools.gnu-tools-for-stm32.12.3.rel1.win32_1.1.0.202410251130/tools/bin/../lib/gcc/arm-none-eabi/12.3.1/thumb/v7e-m+dp/hard\libgcc.a

.debug_info     0x00000000    0x274a6
 .debug_info    0x00000000     0x3012 ./Core/Src/main.o
 .debug_info    0x00003012       0xfe ./Core/Src/obc.o
 .debug_info    0x00003110     0x2d40 ./Core/Src/stm32h7xx_hal_msp.o
 .debug_info    0x00005e50      0x546 ./Core/Src/stm32h7xx_it.o
 .debug_info    0x00006396      0xcef ./Core/Src/system_stm32h7xx.o
 .debug_info    0x00007085       0xfe ./Core/Src/ttc.o
 .debug_info    0x00007183       0x30 ./Core/Startup/startup_stm32h743zitx.o
 .debug_info    0x000071b3     0x153b ./Drivers/STM32H7xx_HAL_Driver/Src/stm32h7xx_hal.o
 .debug_info    0x000086ee     0x10ac ./Drivers/STM32H7xx_HAL_Driver/Src/stm32h7xx_hal_cortex.o
 .debug_info    0x0000979a     0x2a30 ./Drivers/STM32H7xx_HAL_Driver/Src/stm32h7xx_hal_eth.o
 .debug_info    0x0000c1ca      0xc4b ./Drivers/STM32H7xx_HAL_Driver/Src/stm32h7xx_hal_gpio.o
 .debug_info    0x0000ce15     0x1561 ./Drivers/STM32H7xx_HAL_Driver/Src/stm32h7xx_hal_pcd.o
 .debug_info    0x0000e376      0x8b3 ./Drivers/STM32H7xx_HAL_Driver/Src/stm32h7xx_hal_pcd_ex.o
 .debug_info    0x0000ec29     0x1008 ./Drivers/STM32H7xx_HAL_Driver/Src/stm32h7xx_hal_pwr_ex.o
 .debug_info    0x0000fc31      0xe5b ./Drivers/STM32H7xx_HAL_Driver/Src/stm32h7xx_hal_rcc.o
 .debug_info    0x00010a8c     0x1216 ./Drivers/STM32H7xx_HAL_Driver/Src/stm32h7xx_hal_rcc_ex.o
 .debug_info    0x00011ca2     0x1a7a ./Drivers/STM32H7xx_HAL_Driver/Src/stm32h7xx_hal_sd.o
 .debug_info    0x0001371c     0x4b13 ./Drivers/STM32H7xx_HAL_Driver/Src/stm32h7xx_hal_uart.o
 .debug_info    0x0001822f      0xfbf ./Drivers/STM32H7xx_HAL_Driver/Src/stm32h7xx_hal_uart_ex.o
 .debug_info    0x000191ee     0x11d3 ./Drivers/STM32H7xx_HAL_Driver/Src/stm32h7xx_ll_sdmmc.o
 .debug_info    0x0001a3c1     0x1a1e ./Drivers/STM32H7xx_HAL_Driver/Src/stm32h7xx_ll_usb.o
 .debug_info    0x0001bddf      0x51c ./FATFS/App/fatfs.o
 .debug_info    0x0001c2fb      0x8df ./FATFS/Target/bsp_driver_sd.o
 .debug_info    0x0001cbda      0x1e2 ./FATFS/Target/fatfs_platform.o
 .debug_info    0x0001cdbc      0x78a ./FATFS/Target/sd_diskio.o
 .debug_info    0x0001d546      0x3a5 ./Middlewares/Third_Party/FatFs/src/ff_gen_drv.o
 .debug_info    0x0001d8eb     0x3d6c ./Middlewares/Third_Party/FreeRTOS/Source/CMSIS_RTOS_V2/cmsis_os2.o
 .debug_info    0x00021657      0x2af ./Middlewares/Third_Party/FreeRTOS/Source/list.o
 .debug_info    0x00021906     0x1b79 ./Middlewares/Third_Party/FreeRTOS/Source/queue.o
 .debug_info    0x0002347f     0x21ec ./Middlewares/Third_Party/FreeRTOS/Source/tasks.o
 .debug_info    0x0002566b     0x1488 ./Middlewares/Third_Party/FreeRTOS/Source/timers.o
 .debug_info    0x00026af3      0x4de ./Middlewares/Third_Party/FreeRTOS/Source/portable/GCC/ARM_CM4F/port.o
 .debug_info    0x00026fd1      0x4d5 ./Middlewares/Third_Party/FreeRTOS/Source/portable/MemMang/heap_4.o

.debug_abbrev   0x00000000     0x4dce
 .debug_abbrev  0x00000000      0x35e ./Core/Src/main.o
 .debug_abbrev  0x0000035e       0x9b ./Core/Src/obc.o
 .debug_abbrev  0x000003f9      0x2b7 ./Core/Src/stm32h7xx_hal_msp.o
 .debug_abbrev  0x000006b0      0x1ae ./Core/Src/stm32h7xx_it.o
 .debug_abbrev  0x0000085e      0x14c ./Core/Src/system_stm32h7xx.o
 .debug_abbrev  0x000009aa       0x9b ./Core/Src/ttc.o
 .debug_abbrev  0x00000a45       0x24 ./Core/Startup/startup_stm32h743zitx.o
 .debug_abbrev  0x00000a69      0x295 ./Drivers/STM32H7xx_HAL_Driver/Src/stm32h7xx_hal.o
 .debug_abbrev  0x00000cfe      0x339 ./Drivers/STM32H7xx_HAL_Driver/Src/stm32h7xx_hal_cortex.o
 .debug_abbrev  0x00001037      0x347 ./Drivers/STM32H7xx_HAL_Driver/Src/stm32h7xx_hal_eth.o
 .debug_abbrev  0x0000137e      0x1fe ./Drivers/STM32H7xx_HAL_Driver/Src/stm32h7xx_hal_gpio.o
 .debug_abbrev  0x0000157c      0x2dc ./Drivers/STM32H7xx_HAL_Driver/Src/stm32h7xx_hal_pcd.o
 .debug_abbrev  0x00001858      0x256 ./Drivers/STM32H7xx_HAL_Driver/Src/stm32h7xx_hal_pcd_ex.o
 .debug_abbrev  0x00001aae      0x2a7 ./Drivers/STM32H7xx_HAL_Driver/Src/stm32h7xx_hal_pwr_ex.o
 .debug_abbrev  0x00001d55      0x2c8 ./Drivers/STM32H7xx_HAL_Driver/Src/stm32h7xx_hal_rcc.o
 .debug_abbrev  0x0000201d      0x269 ./Drivers/STM32H7xx_HAL_Driver/Src/stm32h7xx_hal_rcc_ex.o
 .debug_abbrev  0x00002286      0x26b ./Drivers/STM32H7xx_HAL_Driver/Src/stm32h7xx_hal_sd.o
 .debug_abbrev  0x000024f1      0x33d ./Drivers/STM32H7xx_HAL_Driver/Src/stm32h7xx_hal_uart.o
 .debug_abbrev  0x0000282e      0x2d2 ./Drivers/STM32H7xx_HAL_Driver/Src/stm32h7xx_hal_uart_ex.o
 .debug_abbrev  0x00002b00      0x206 ./Drivers/STM32H7xx_HAL_Driver/Src/stm32h7xx_ll_sdmmc.o
 .debug_abbrev  0x00002d06      0x2b3 ./Drivers/STM32H7xx_HAL_Driver/Src/stm32h7xx_ll_usb.o
 .debug_abbrev  0x00002fb9      0x15e ./FATFS/App/fatfs.o
 .debug_abbrev  0x00003117      0x260 ./FATFS/Target/bsp_driver_sd.o
 .debug_abbrev  0x00003377      0x107 ./FATFS/Target/fatfs_platform.o
 .debug_abbrev  0x0000347e      0x2ab ./FATFS/Target/sd_diskio.o
 .debug_abbrev  0x00003729      0x19f ./Middlewares/Third_Party/FatFs/src/ff_gen_drv.o
 .debug_abbrev  0x000038c8      0x50a ./Middlewares/Third_Party/FreeRTOS/Source/CMSIS_RTOS_V2/cmsis_os2.o
 .debug_abbrev  0x00003dd2       0xf5 ./Middlewares/Third_Party/FreeRTOS/Source/list.o
 .debug_abbrev  0x00003ec7      0x3b6 ./Middlewares/Third_Party/FreeRTOS/Source/queue.o
 .debug_abbrev  0x0000427d      0x386 ./Middlewares/Third_Party/FreeRTOS/Source/tasks.o
 .debug_abbrev  0x00004603      0x352 ./Middlewares/Third_Party/FreeRTOS/Source/timers.o
 .debug_abbrev  0x00004955      0x25c ./Middlewares/Third_Party/FreeRTOS/Source/portable/GCC/ARM_CM4F/port.o
 .debug_abbrev  0x00004bb1      0x21d ./Middlewares/Third_Party/FreeRTOS/Source/portable/MemMang/heap_4.o

.debug_aranges  0x00000000     0x1c48
 .debug_aranges
                0x00000000       0x60 ./Core/Src/main.o
 .debug_aranges
                0x00000060       0x20 ./Core/Src/obc.o
 .debug_aranges
                0x00000080       0x60 ./Core/Src/stm32h7xx_hal_msp.o
 .debug_aranges
                0x000000e0       0x58 ./Core/Src/stm32h7xx_it.o
 .debug_aranges
                0x00000138       0x28 ./Core/Src/system_stm32h7xx.o
 .debug_aranges
                0x00000160       0x20 ./Core/Src/ttc.o
 .debug_aranges
                0x00000180       0x28 ./Core/Startup/startup_stm32h743zitx.o
 .debug_aranges
                0x000001a8      0x198 ./Drivers/STM32H7xx_HAL_Driver/Src/stm32h7xx_hal.o
 .debug_aranges
                0x00000340      0x130 ./Drivers/STM32H7xx_HAL_Driver/Src/stm32h7xx_hal_cortex.o
 .debug_aranges
                0x00000470      0x1d8 ./Drivers/STM32H7xx_HAL_Driver/Src/stm32h7xx_hal_eth.o
 .debug_aranges
                0x00000648       0x58 ./Drivers/STM32H7xx_HAL_Driver/Src/stm32h7xx_hal_gpio.o
 .debug_aranges
                0x000006a0      0x140 ./Drivers/STM32H7xx_HAL_Driver/Src/stm32h7xx_hal_pcd.o
 .debug_aranges
                0x000007e0       0x60 ./Drivers/STM32H7xx_HAL_Driver/Src/stm32h7xx_hal_pcd_ex.o
 .debug_aranges
                0x00000840      0x158 ./Drivers/STM32H7xx_HAL_Driver/Src/stm32h7xx_hal_pwr_ex.o
 .debug_aranges
                0x00000998       0x88 ./Drivers/STM32H7xx_HAL_Driver/Src/stm32h7xx_hal_rcc.o
 .debug_aranges
                0x00000a20       0xf8 ./Drivers/STM32H7xx_HAL_Driver/Src/stm32h7xx_hal_rcc_ex.o
 .debug_aranges
                0x00000b18      0x170 ./Drivers/STM32H7xx_HAL_Driver/Src/stm32h7xx_hal_sd.o
 .debug_aranges
                0x00000c88      0x248 ./Drivers/STM32H7xx_HAL_Driver/Src/stm32h7xx_hal_uart.o
 .debug_aranges
                0x00000ed0       0xa8 ./Drivers/STM32H7xx_HAL_Driver/Src/stm32h7xx_hal_uart_ex.o
 .debug_aranges
                0x00000f78      0x1a0 ./Drivers/STM32H7xx_HAL_Driver/Src/stm32h7xx_ll_sdmmc.o
 .debug_aranges
                0x00001118      0x1a0 ./Drivers/STM32H7xx_HAL_Driver/Src/stm32h7xx_ll_usb.o
 .debug_aranges
                0x000012b8       0x28 ./FATFS/App/fatfs.o
 .debug_aranges
                0x000012e0       0x98 ./FATFS/Target/bsp_driver_sd.o
 .debug_aranges
                0x00001378       0x20 ./FATFS/Target/fatfs_platform.o
 .debug_aranges
                0x00001398       0x60 ./FATFS/Target/sd_diskio.o
 .debug_aranges
                0x000013f8       0x40 ./Middlewares/Third_Party/FatFs/src/ff_gen_drv.o
 .debug_aranges
                0x00001438      0x2a8 ./Middlewares/Third_Party/FreeRTOS/Source/CMSIS_RTOS_V2/cmsis_os2.o
 .debug_aranges
                0x000016e0       0x40 ./Middlewares/Third_Party/FreeRTOS/Source/list.o
 .debug_aranges
                0x00001720      0x158 ./Middlewares/Third_Party/FreeRTOS/Source/queue.o
 .debug_aranges
                0x00001878      0x208 ./Middlewares/Third_Party/FreeRTOS/Source/tasks.o
 .debug_aranges
                0x00001a80       0xf0 ./Middlewares/Third_Party/FreeRTOS/Source/timers.o
 .debug_aranges
                0x00001b70       0x80 ./Middlewares/Third_Party/FreeRTOS/Source/portable/GCC/ARM_CM4F/port.o
 .debug_aranges
                0x00001bf0       0x58 ./Middlewares/Third_Party/FreeRTOS/Source/portable/MemMang/heap_4.o

.debug_rnglists
                0x00000000     0x15b4
 .debug_rnglists
                0x00000000       0x48 ./Core/Src/main.o
 .debug_rnglists
                0x00000048       0x13 ./Core/Src/obc.o
 .debug_rnglists
                0x0000005b       0x48 ./Core/Src/stm32h7xx_hal_msp.o
 .debug_rnglists
                0x000000a3       0x3d ./Core/Src/stm32h7xx_it.o
 .debug_rnglists
                0x000000e0       0x1b ./Core/Src/system_stm32h7xx.o
 .debug_rnglists
                0x000000fb       0x13 ./Core/Src/ttc.o
 .debug_rnglists
                0x0000010e       0x19 ./Core/Startup/startup_stm32h743zitx.o
 .debug_rnglists
                0x00000127      0x131 ./Drivers/STM32H7xx_HAL_Driver/Src/stm32h7xx_hal.o
 .debug_rnglists
                0x00000258       0xe0 ./Drivers/STM32H7xx_HAL_Driver/Src/stm32h7xx_hal_cortex.o
 .debug_rnglists
                0x00000338      0x176 ./Drivers/STM32H7xx_HAL_Driver/Src/stm32h7xx_hal_eth.o
 .debug_rnglists
                0x000004ae       0x3f ./Drivers/STM32H7xx_HAL_Driver/Src/stm32h7xx_hal_gpio.o
 .debug_rnglists
                0x000004ed       0xf4 ./Drivers/STM32H7xx_HAL_Driver/Src/stm32h7xx_hal_pcd.o
 .debug_rnglists
                0x000005e1       0x45 ./Drivers/STM32H7xx_HAL_Driver/Src/stm32h7xx_hal_pcd_ex.o
 .debug_rnglists
                0x00000626      0x103 ./Drivers/STM32H7xx_HAL_Driver/Src/stm32h7xx_hal_pwr_ex.o
 .debug_rnglists
                0x00000729       0x68 ./Drivers/STM32H7xx_HAL_Driver/Src/stm32h7xx_hal_rcc.o
 .debug_rnglists
                0x00000791       0xc0 ./Drivers/STM32H7xx_HAL_Driver/Src/stm32h7xx_hal_rcc_ex.o
 .debug_rnglists
                0x00000851      0x128 ./Drivers/STM32H7xx_HAL_Driver/Src/stm32h7xx_hal_sd.o
 .debug_rnglists
                0x00000979      0x1fa ./Drivers/STM32H7xx_HAL_Driver/Src/stm32h7xx_hal_uart.o
 .debug_rnglists
                0x00000b73       0x7f ./Drivers/STM32H7xx_HAL_Driver/Src/stm32h7xx_hal_uart_ex.o
 .debug_rnglists
                0x00000bf2      0x138 ./Drivers/STM32H7xx_HAL_Driver/Src/stm32h7xx_ll_sdmmc.o
 .debug_rnglists