../Core/Src/main.c:108:5:main	320256	static,ignoring_inline_asm
../Core/Src/main.c:348:6:SystemClock_Config	120	static
../Core/Src/main.c:409:13:MX_DCMI_Init	8	static
../Core/Src/main.c:446:13:MX_ETH_Init	8	static
../Core/Src/main.c:495:13:MX_I2C1_Init	8	static
../Core/Src/main.c:543:13:MX_I2C2_Init	8	static
../Core/Src/main.c:591:13:MX_USART3_UART_Init	8	static
../Core/Src/main.c:639:13:MX_USB_OTG_FS_PCD_Init	8	static
../Core/Src/main.c:673:13:MX_DMA_Init	16	static
../Core/Src/main.c:691:13:MX_GPIO_Init	64	static
../Core/Src/main.c:764:6:Error_Handler	4	static,ignoring_inline_asm
